Component: Arm Compiler for Embedded 6.24 Tool: armlink [5f371500]

==============================================================================

Section Cross References

    startup_stm32f103xb.o(STACK) refers (Special) to heapauxi.o(.text) for __use_two_region_memory
    startup_stm32f103xb.o(HEAP) refers (Special) to heapauxi.o(.text) for __use_two_region_memory
    startup_stm32f103xb.o(RESET) refers (Special) to heapauxi.o(.text) for __use_two_region_memory
    startup_stm32f103xb.o(RESET) refers to startup_stm32f103xb.o(STACK) for __initial_sp
    startup_stm32f103xb.o(RESET) refers to startup_stm32f103xb.o(.text) for Reset_Handler
    startup_stm32f103xb.o(RESET) refers to stm32f1xx_it.o(.text.NMI_Handler) for NMI_Handler
    startup_stm32f103xb.o(RESET) refers to stm32f1xx_it.o(.text.HardFault_Handler) for HardFault_Handler
    startup_stm32f103xb.o(RESET) refers to stm32f1xx_it.o(.text.MemManage_Handler) for MemManage_Handler
    startup_stm32f103xb.o(RESET) refers to stm32f1xx_it.o(.text.BusFault_Handler) for BusFault_Handler
    startup_stm32f103xb.o(RESET) refers to stm32f1xx_it.o(.text.UsageFault_Handler) for UsageFault_Handler
    startup_stm32f103xb.o(RESET) refers to stm32f1xx_it.o(.text.SVC_Handler) for SVC_Handler
    startup_stm32f103xb.o(RESET) refers to stm32f1xx_it.o(.text.DebugMon_Handler) for DebugMon_Handler
    startup_stm32f103xb.o(RESET) refers to stm32f1xx_it.o(.text.PendSV_Handler) for PendSV_Handler
    startup_stm32f103xb.o(RESET) refers to stm32f1xx_it.o(.text.SysTick_Handler) for SysTick_Handler
    startup_stm32f103xb.o(.text) refers (Special) to heapauxi.o(.text) for __use_two_region_memory
    startup_stm32f103xb.o(.text) refers to system_stm32f1xx.o(.text.SystemInit) for SystemInit
    startup_stm32f103xb.o(.text) refers to __main.o(!!!main) for __main
    startup_stm32f103xb.o(.text) refers to startup_stm32f103xb.o(HEAP) for Heap_Mem
    startup_stm32f103xb.o(.text) refers to startup_stm32f103xb.o(STACK) for Stack_Mem
    main.o(.text.main) refers to stm32f1xx_hal.o(.text.HAL_Init) for HAL_Init
    main.o(.text.main) refers to main.o(.text.SystemClock_Config) for SystemClock_Config
    main.o(.text.main) refers to main.o(.text.MX_GPIO_Init) for MX_GPIO_Init
    main.o(.text.main) refers to main.o(.text.MX_I2C1_Init) for MX_I2C1_Init
    main.o(.text.main) refers to main.o(.text.MX_SPI2_Init) for MX_SPI2_Init
    main.o(.text.main) refers to main.o(.text.MX_TIM2_Init) for MX_TIM2_Init
    main.o(.text.main) refers to lcd.o(.text.lcd_init) for lcd_init
    main.o(.text.main) refers to mg90s.o(.text.Servo_Init) for Servo_Init
    main.o(.text.main) refers to stm32f1xx_hal.o(.text.HAL_Delay) for HAL_Delay
    main.o(.text.main) refers to lcd.o(.text.Lcd_xoa_manhinh) for Lcd_xoa_manhinh
    main.o(.text.main) refers to rc522.o(.bss.MFRC522) for MFRC522
    main.o(.text.main) refers to main.o(.bss.hspi2) for hspi2
    main.o(.text.main) refers to rc522.o(.text.MFRC522_Init) for MFRC522_Init
    main.o(.text.main) refers to lcd.o(.text.Lcd_Ghi_Lenh) for Lcd_Ghi_Lenh
    main.o(.text.main) refers to main.o(.rodata.str1.1) for .L.str
    main.o(.text.main) refers to lcd.o(.text.Lcd_Ghi_Chuoi) for Lcd_Ghi_Chuoi
    main.o(.text.main) refers to main.o(.bss.time_buffer) for time_buffer
    main.o(.text.main) refers to sprintf.o(.text) for sprintf
    main.o(.text.main) refers to stm32f1xx_hal.o(.text.HAL_GetTick) for HAL_GetTick
    main.o(.text.main) refers to rc522.o(.bss.last_activity_time) for last_activity_time
    main.o(.text.main) refers to keypad.o(.text.KeyPad_GetKey) for KeyPad_GetKey
    main.o(.text.main) refers to main.o(.bss.input_mode) for input_mode
    main.o(.text.main) refers to main.o(.bss.CurrentState) for CurrentState
    main.o(.text.main) refers to main.o(.bss.input_key) for input_key
    main.o(.text.main) refers to main.o(.bss.input_buffer) for input_buffer
    main.o(.text.main) refers to rc522.o(.text.Buzzer_Beep) for Buzzer_Beep
    main.o(.text.main) refers to main.o(.data.password) for password
    main.o(.text.main) refers to strcmpv7m.o(.text) for strcmp
    main.o(.text.main) refers to mg90s.o(.text.Servo_SetAngle) for Servo_SetAngle
    main.o(.text.main) refers to lcd.o(.text.COUNTDOWN) for COUNTDOWN
    main.o(.text.main) refers to rc522.o(.text.Flash_Buzzer_And_Led) for Flash_Buzzer_And_Led
    main.o(.text.main) refers to lcd.o(.text.countdown) for countdown
    main.o(.text.main) refers to main.o(.bss.Backlight) for Backlight
    main.o(.text.main) refers to lcd.o(.text.Lcd_Tat_Den) for Lcd_Tat_Den
    main.o(.text.main) refers to rc522.o(.bss.CardID) for CardID
    main.o(.text.main) refers to rc522.o(.text.MFRC522_Check) for MFRC522_Check
    main.o(.text.main) refers to rc522.o(.bss.status) for status
    main.o(.text.main) refers to rc522.o(.data.MasterCardID) for MasterCardID
    main.o(.text.main) refers to rc522.o(.bss.Master_Card_Exists) for Master_Card_Exists
    main.o(.text.main) refers to rc522.o(.text.Member) for Member
[...]
    [Anonymous Symbol]                       0x08005384   Section        0  stm32f1xx_hal_cortex.o(.text.__NVIC_SetPriorityGrouping)
    [Anonymous Symbol]                       0x080053c0   Section        0  lcd.o(.text.countdown)
    [Anonymous Symbol]                       0x0800540c   Section        0  lcd.o(.text.lcd_init)
    [Anonymous Symbol]                       0x0800544c   Section        0  main.o(.text.main)
    CL$$btod_d2e                             0x08006208   Section       62  btod.o(CL$$btod_d2e)
    CL$$btod_d2e_denorm_low                  0x08006246   Section       70  btod.o(CL$$btod_d2e_denorm_low)
    CL$$btod_d2e_norm_op1                    0x0800628c   Section       96  btod.o(CL$$btod_d2e_norm_op1)
    CL$$btod_div_common                      0x080062ec   Section      824  btod.o(CL$$btod_div_common)
    CL$$btod_e2e                             0x08006624   Section      220  btod.o(CL$$btod_e2e)
    CL$$btod_ediv                            0x08006700   Section       42  btod.o(CL$$btod_ediv)
    CL$$btod_emul                            0x0800672a   Section       42  btod.o(CL$$btod_emul)
    CL$$btod_mult_common                     0x08006754   Section      580  btod.o(CL$$btod_mult_common)
    i.__ARM_fpclassify                       0x08006998   Section        0  fpclassify.o(i.__ARM_fpclassify)
    i._is_digit                              0x080069c0   Section        0  __printf_wp.o(i._is_digit)
    locale$$code                             0x080069d0   Section       44  lc_numeric_c.o(locale$$code)
    locale$$code                             0x080069fc   Section       44  lc_ctype_c.o(locale$$code)
    x$fpl$fadd                               0x08006a28   Section      196  faddsub_clz.o(x$fpl$fadd)
    _fadd1                                   0x08006a37   Thumb Code     0  faddsub_clz.o(x$fpl$fadd)
    _fdiv1                                   0x08006aed   Thumb Code     0  fdiv.o(x$fpl$fdiv)
    x$fpl$fdiv                               0x08006aec   Section      388  fdiv.o(x$fpl$fdiv)
    x$fpl$ffixu                              0x08006c70   Section       62  ffixu.o(x$fpl$ffixu)
    x$fpl$ffltu                              0x08006cb0   Section       38  fflt_clz.o(x$fpl$ffltu)
    x$fpl$fmul                               0x08006cd8   Section      258  fmul.o(x$fpl$fmul)
    x$fpl$fnaninf                            0x08006dda   Section      140  fnaninf.o(x$fpl$fnaninf)
    x$fpl$fretinf                            0x08006e66   Section       10  fretinf.o(x$fpl$fretinf)
    x$fpl$fsub                               0x08006e70   Section      234  faddsub_clz.o(x$fpl$fsub)
    _fsub1                                   0x08006e7f   Thumb Code     0  faddsub_clz.o(x$fpl$fsub)
    x$fpl$printf1                            0x08006f5a   Section        4  printf1.o(x$fpl$printf1)
    x$fpl$printf2                            0x08006f5e   Section        4  printf2.o(x$fpl$printf2)
    x$fpl$usenofp                            0x08006f62   Section        0  usenofp.o(x$fpl$usenofp)
    initial_mbstate                          0x08006f64   Data           8  _printf_wctomb.o(.constdata)
    .constdata                               0x08006f64   Section        8  _printf_wctomb.o(.constdata)
    uc_hextab                                0x08006f6c   Data          20  _printf_hex_int_ll_ptr.o(.constdata)
    .constdata                               0x08006f6c   Section       40  _printf_hex_int_ll_ptr.o(.constdata)
    lc_hextab                                0x08006f80   Data          20  _printf_hex_int_ll_ptr.o(.constdata)
    maptable                                 0x08006f94   Data          17  __printf_flags_ss_wp.o(.constdata)
    .constdata                               0x08006f94   Section       17  __printf_flags_ss_wp.o(.constdata)
    lc_hextab                                0x08006fa5   Data          19  _printf_fp_hex.o(.constdata)
    .constdata                               0x08006fa5   Section       38  _printf_fp_hex.o(.constdata)
    uc_hextab                                0x08006fb8   Data          19  _printf_fp_hex.o(.constdata)
    tenpwrs_x                                0x08006fcc   Data          60  bigflt0.o(.constdata)
    .constdata                               0x08006fcc   Section      148  bigflt0.o(.constdata)
    tenpwrs_i                                0x08007008   Data          64  bigflt0.o(.constdata)
    .L.str.5                                 0x08007078   Data          16  main.o(.rodata.str1.1)
    [Anonymous Symbol]                       0x08007078   Section        0  main.o(.rodata.str1.1)
    .L.str.38                                0x08007088   Data          14  main.o(.rodata.str1.1)
    .L.str.21                                0x08007096   Data          14  main.o(.rodata.str1.1)
    .L.str.4                                 0x080070a4   Data          15  main.o(.rodata.str1.1)
    .L.str.2                                 0x080070b3   Data           2  main.o(.rodata.str1.1)
    .L.str.13                                0x080070b5   Data          18  main.o(.rodata.str1.1)
    .L.str.7                                 0x080070c7   Data          16  main.o(.rodata.str1.1)
    .L.str.12                                0x080070c8   Data          15  main.o(.rodata.str1.1)
    .L.str.39                                0x080070d7   Data          17  main.o(.rodata.str1.1)
    .L.str.3                                 0x080070e8   Data          10  main.o(.rodata.str1.1)
    .L.str.32                                0x080070f2   Data          16  main.o(.rodata.str1.1)
    .L.str.16                                0x08007102   Data          18  main.o(.rodata.str1.1)
    .L.str.11                                0x08007114   Data          16  main.o(.rodata.str1.1)
    .L.str.25                                0x08007124   Data          15  main.o(.rodata.str1.1)
    .L.str.18                                0x08007133   Data          16  main.o(.rodata.str1.1)
    .L.str.14                                0x08007143   Data          16  main.o(.rodata.str1.1)
    .L.str.19                                0x08007153   Data          16  main.o(.rodata.str1.1)
    .L.str.35                                0x08007163   Data          15  main.o(.rodata.str1.1)
    .L.str.29                                0x08007172   Data          13  main.o(.rodata.str1.1)
    .L.str.40                                0x0800717f   Data          14  main.o(.rodata.str1.1)
    .L.str.42                                0x0800718d   Data          13  main.o(.rodata.str1.1)
    .L.str.27                                0x0800719a   Data          15  main.o(.rodata.str1.1)
    .L.str.37                                0x080071a9   Data          17  main.o(.rodata.str1.1)
    .L.str.34                                0x080071ba   Data          17  main.o(.rodata.str1.1)
    .L.str.15                                0x080071cb   Data          13  main.o(.rodata.str1.1)
    .L.str.23                                0x080071d8   Data          16  main.o(.rodata.str1.1)
    .L.str.9                                 0x080071e8   Data          17  main.o(.rodata.str1.1)
    .L.str.30                                0x080071f9   Data          15  main.o(.rodata.str1.1)
    .L.str.41                                0x08007208   Data          17  main.o(.rodata.str1.1)
    .L.str.20                                0x08007219   Data          17  main.o(.rodata.str1.1)
    .L.str.33                                0x0800721e   Data          12  main.o(.rodata.str1.1)
    .L.str.22                                0x0800722a   Data          18  main.o(.rodata.str1.1)
    .L.str.24                                0x0800723c   Data          16  main.o(.rodata.str1.1)
    .L.str.8                                 0x0800724c   Data          17  main.o(.rodata.str1.1)
    .L.str.17                                0x0800725d   Data          17  main.o(.rodata.str1.1)
    .L.str.36                                0x0800726e   Data          14  main.o(.rodata.str1.1)
    .L.str.31                                0x0800727c   Data          13  main.o(.rodata.str1.1)
    .L.str.26                                0x08007289   Data          14  main.o(.rodata.str1.1)
    .L.str.10                                0x08007297   Data          18  main.o(.rodata.str1.1)
    .L.str.1                                 0x080072a9   Data          18  main.o(.rodata.str1.1)
    .L.str.6                                 0x080072bb   Data          14  main.o(.rodata.str1.1)
    .L.str.28                                0x080072c9   Data          16  main.o(.rodata.str1.1)
    .L.str                                   0x080072d9   Data          16  main.o(.rodata.str1.1)
    .L.str                                   0x080072e9   Data          21  lcd.o(.rodata.str1.1)
    [Anonymous Symbol]                       0x080072e9   Section        0  lcd.o(.rodata.str1.1)
    .L.str.1                                 0x080072fe   Data          19  lcd.o(.rodata.str1.1)
    .L.str.2                                 0x08007311   Data          16  rc522.o(.rodata.str1.1)
    [Anonymous Symbol]                       0x08007311   Section        0  rc522.o(.rodata.str1.1)
    .L.str.1                                 0x08007321   Data          18  rc522.o(.rodata.str1.1)
    .L.str                                   0x08007333   Data          18  rc522.o(.rodata.str1.1)
    locale$$data                             0x08007368   Section       28  lc_numeric_c.o(locale$$data)
    __lcnum_c_name                           0x0800736c   Data           2  lc_numeric_c.o(locale$$data)
    __lcnum_c_start                          0x08007374   Data           0  lc_numeric_c.o(locale$$data)
    __lcnum_c_point                          0x08007380   Data           0  lc_numeric_c.o(locale$$data)
    __lcnum_c_thousands                      0x08007382   Data           0  lc_numeric_c.o(locale$$data)
    __lcnum_c_grouping                       0x08007383   Data           0  lc_numeric_c.o(locale$$data)
    __lcnum_c_end                            0x08007384   Data           0  lc_numeric_c.o(locale$$data)
    locale$$data                             0x08007384   Section      272  lc_ctype_c.o(locale$$data)
    __lcctype_c_name                         0x08007388   Data           2  lc_ctype_c.o(locale$$data)
    __lcctype_c_start                        0x08007390   Data           0  lc_ctype_c.o(locale$$data)
    __lcctype_c_end                          0x08007494   Data           0  lc_ctype_c.o(locale$$data)
    key_map                                  0x20000008   Data          16  keypad.o(.data.key_map)
    [Anonymous Symbol]                       0x20000008   Section        0  keypad.o(.data.key_map)
    lcd_backlight_mask                       0x20000018   Data           1  lcd.o(.data.lcd_backlight_mask)
    [Anonymous Symbol]                       0x20000018   Section        0  lcd.o(.data.lcd_backlight_mask)
    .bss                                     0x20000028   Section       96  libspace.o(.bss)
    Heap_Mem                                 0x200001d8   Data         512  startup_stm32f103xb.o(HEAP)
    HEAP                                     0x200001d8   Section      512  startup_stm32f103xb.o(HEAP)
    Stack_Mem                                0x200003d8   Data        1024  startup_stm32f103xb.o(STACK)
    STACK                                    0x200003d8   Section     1024  startup_stm32f103xb.o(STACK)
    __initial_sp                             0x200007d8   Data           0  startup_stm32f103xb.o(STACK)

    Global Symbols

    Symbol Name                              Value     Ov Type        Size  Object(Section)

    BuildAttributes$$THM_ISAv4$P$D$K$B$S$PE$A:L22UL41UL21$X:L11$S22US41US21$IEEE1$IW$~IW$USESV6$~STKCKD$USESV7$~SHL$OTIME$ROPI$IEEEJ$EBA8$UX$STANDARDLIB$REQ8$PRES8$EABIv2 0x00000000   Number         0  anon$$obj.o ABSOLUTE
    __fp_init_empty                          0x00000000   Number         0  fpinit_empty.o ABSOLUTE
    _printf_flags                            0x00000000   Number         0  printf_stubs.o ABSOLUTE
    _printf_return_value                     0x00000000   Number         0  printf_stubs.o ABSOLUTE
    _printf_sizespec                         0x00000000   Number         0  printf_stubs.o ABSOLUTE
    _printf_widthprec                        0x00000000   Number         0  printf_stubs.o ABSOLUTE
    __ARM_exceptions_init                     - Undefined Weak Reference
    __alloca_initialize                       - Undefined Weak Reference
    __arm_preinit_                            - Undefined Weak Reference
    __arm_relocate_pie_                       - Undefined Weak Reference
    __cpp_initialize__aeabi_                  - Undefined Weak Reference
    __cxa_finalize                            - Undefined Weak Reference
    __sigvec_lookup                           - Undefined Weak Reference
    _atexit_init                              - Undefined Weak Reference
    _call_atexit_fns                          - Undefined Weak Reference
    _clock_init                               - Undefined Weak Reference
    _fp_trap_init                             - Undefined Weak Reference
    _fp_trap_shutdown                         - Undefined Weak Reference
    _get_lc_collate                           - Undefined Weak Reference
    _get_lc_monetary                          - Undefined Weak Reference
    _get_lc_time                              - Undefined Weak Reference
    _getenv_init                              - Undefined Weak Reference
    _handle_redirection                       - Undefined Weak Reference
    _init_alloc                               - Undefined Weak Reference
    _init_user_alloc                          - Undefined Weak Reference
    _initio                                   - Undefined Weak Reference
    _printf_mbtowc                            - Undefined Weak Reference
    _printf_wc                                - Undefined Weak Reference
    _rand_init                                - Undefined Weak Reference
    _signal_finish                            - Undefined Weak Reference
    _signal_init                              - Undefined Weak Reference
    _terminate_alloc                          - Undefined Weak Reference
    _terminate_user_alloc                     - Undefined Weak Reference
    _terminateio                              - Undefined Weak Reference
    __Vectors_Size                           0x000000ec   Number         0  startup_stm32f103xb.o ABSOLUTE
    __Vectors                                0x08000000   Data           4  startup_stm32f103xb.o(RESET)
    __Vectors_End                            0x080000ec   Data           0  startup_stm32f103xb.o(RESET)
    __main                                   0x080000ed   Thumb Code     8  __main.o(!!!main)
    __scatterload                            0x080000f5   Thumb Code     0  __scatter.o(!!!scatter)
    __scatterload_rt2                        0x080000f5   Thumb Code    84  __scatter.o(!!!scatter)
    __scatterload_rt2_thumb_only             0x080000f5   Thumb Code     0  __scatter.o(!!!scatter)
    __scatterload_loop                       0x080000ff   Thumb Code     0  __scatter.o(!!!scatter)
    __scatterload_copy                       0x08000151   Thumb Code    26  __scatter_copy.o(!!handler_copy)
    __scatterload_null                       0x0800016d   Thumb Code     2  __scatter.o(!!handler_null)
    __scatterload_zeroinit                   0x08000171   Thumb Code    28  __scatter_zi.o(!!handler_zi)
    _printf_n                                0x0800018d   Thumb Code     0  _printf_n.o(.ARM.Collect$$_printf_percent$$00000001)
    _printf_percent                          0x0800018d   Thumb Code     0  _printf_percent.o(.ARM.Collect$$_printf_percent$$00000000)
    _printf_p                                0x08000193   Thumb Code     0  _printf_p.o(.ARM.Collect$$_printf_percent$$00000002)
    _printf_f                                0x08000199   Thumb Code     0  _printf_f.o(.ARM.Collect$$_printf_percent$$00000003)
    _printf_e                                0x0800019f   Thumb Code     0  _printf_e.o(.ARM.Collect$$_printf_percent$$00000004)
    _printf_g                                0x080001a5   Thumb Code     0  _printf_g.o(.ARM.Collect$$_printf_percent$$00000005)
    _printf_a                                0x080001ab   Thumb Code     0  _printf_a.o(.ARM.Collect$$_printf_percent$$00000006)
    _printf_ll                               0x080001b1   Thumb Code     0  _printf_ll.o(.ARM.Collect$$_printf_percent$$00000007)
    _printf_i                                0x080001bb   Thumb Code     0  _printf_i.o(.ARM.Collect$$_printf_percent$$00000008)
    _printf_d                                0x080001c1   Thumb Code     0  _printf_d.o(.ARM.Collect$$_printf_percent$$00000009)
    _printf_u                                0x080001c7   Thumb Code     0  _printf_u.o(.ARM.Collect$$_printf_percent$$0000000A)
    _printf_o                                0x080001cd   Thumb Code     0  _printf_o.o(.ARM.Collect$$_printf_percent$$0000000B)
    _printf_x                                0x080001d3   Thumb Code     0  _printf_x.o(.ARM.Collect$$_printf_percent$$0000000C)
    _printf_lli                              0x080001d9   Thumb Code     0  _printf_lli.o(.ARM.Collect$$_printf_percent$$0000000D)
    _printf_lld                              0x080001df   Thumb Code     0  _printf_lld.o(.ARM.Collect$$_printf_percent$$0000000E)
    _printf_llu                              0x080001e5   Thumb Code     0  _printf_llu.o(.ARM.Collect$$_printf_percent$$0000000F)
    _printf_llo                              0x080001eb   Thumb Code     0  _printf_llo.o(.ARM.Collect$$_printf_percent$$00000010)
    _printf_llx                              0x080001f1   Thumb Code     0  _printf_llx.o(.ARM.Collect$$_printf_percent$$00000011)
    _printf_l                                0x080001f7   Thumb Code     0  _printf_l.o(.ARM.Collect$$_printf_percent$$00000012)
    _printf_c                                0x08000201   Thumb Code     0  _printf_c.o(.ARM.Collect$$_printf_percent$$00000013)
    _printf_s                                0x08000207   Thumb Code     0  _printf_s.o(.ARM.Collect$$_printf_percent$$00000014)
    _printf_lc                               0x0800020d   Thumb Code     0  _printf_lc.o(.ARM.Collect$$_printf_percent$$00000015)
    _printf_ls                               0x08000213   Thumb Code     0  _printf_ls.o(.ARM.Collect$$_printf_percent$$00000016)
    _printf_percent_end                      0x08000219   Thumb Code     0  _printf_percent_end.o(.ARM.Collect$$_printf_percent$$00000017)
    __rt_lib_init                            0x0800021d   Thumb Code     0  libinit.o(.ARM.Collect$$libinit$$00000000)
    __rt_lib_init_fp_1                       0x0800021f   Thumb Code     0  libinit2.o(.ARM.Collect$$libinit$$00000002)
    __rt_lib_init_heap_1                     0x0800021f   Thumb Code     0  libinit2.o(.ARM.Collect$$libinit$$0000000C)
    __rt_lib_init_lc_common                  0x0800021f   Thumb Code     0  libinit2.o(.ARM.Collect$$libinit$$00000011)
    __rt_lib_init_preinit_1                  0x0800021f   Thumb Code     0  libinit2.o(.ARM.Collect$$libinit$$00000006)
    __rt_lib_init_rand_1                     0x0800021f   Thumb Code     0  libinit2.o(.ARM.Collect$$libinit$$00000010)
    __rt_lib_init_relocate_pie_1             0x0800021f   Thumb Code     0  libinit2.o(.ARM.Collect$$libinit$$00000004)
    __rt_lib_init_user_alloc_1               0x0800021f   Thumb Code     0  libinit2.o(.ARM.Collect$$libinit$$0000000E)
    __rt_lib_init_lc_collate_1               0x08000225   Thumb Code     0  libinit2.o(.ARM.Collect$$libinit$$00000013)
    __rt_lib_init_lc_ctype_2                 0x08000225   Thumb Code     0  libinit2.o(.ARM.Collect$$libinit$$00000014)
    __rt_lib_init_lc_ctype_1                 0x08000231   Thumb Code     0  libinit2.o(.ARM.Collect$$libinit$$00000015)
    __rt_lib_init_lc_monetary_1              0x08000231   Thumb Code     0  libinit2.o(.ARM.Collect$$libinit$$00000017)
    __rt_lib_init_lc_numeric_2               0x08000231   Thumb Code     0  libinit2.o(.ARM.Collect$$libinit$$00000018)
    __rt_lib_init_alloca_1                   0x0800023b   Thumb Code     0  libinit2.o(.ARM.Collect$$libinit$$00000030)
    __rt_lib_init_argv_1                     0x0800023b   Thumb Code     0  libinit2.o(.ARM.Collect$$libinit$$0000002E)
    __rt_lib_init_atexit_1                   0x0800023b   Thumb Code     0  libinit2.o(.ARM.Collect$$libinit$$0000001D)
    __rt_lib_init_clock_1                    0x0800023b   Thumb Code     0  libinit2.o(.ARM.Collect$$libinit$$00000023)
    __rt_lib_init_cpp_1                      0x0800023b   Thumb Code     0  libinit2.o(.ARM.Collect$$libinit$$00000034)
    __rt_lib_init_exceptions_1               0x0800023b   Thumb Code     0  libinit2.o(.ARM.Collect$$libinit$$00000032)
    __rt_lib_init_fp_trap_1                  0x0800023b   Thumb Code     0  libinit2.o(.ARM.Collect$$libinit$$00000021)
    __rt_lib_init_getenv_1                   0x0800023b   Thumb Code     0  libinit2.o(.ARM.Collect$$libinit$$00000025)
    __rt_lib_init_lc_numeric_1               0x0800023b   Thumb Code     0  libinit2.o(.ARM.Collect$$libinit$$00000019)
    __rt_lib_init_lc_time_1                  0x0800023b   Thumb Code     0  libinit2.o(.ARM.Collect$$libinit$$0000001B)
    __rt_lib_init_return                     0x0800023b   Thumb Code     0  libinit2.o(.ARM.Collect$$libinit$$00000035)
    __rt_lib_init_signal_1                   0x0800023b   Thumb Code     0  libinit2.o(.ARM.Collect$$libinit$$0000001F)
    __rt_lib_init_stdio_1                    0x0800023b   Thumb Code     0  libinit2.o(.ARM.Collect$$libinit$$00000027)
    __rt_lib_shutdown                        0x0800023d   Thumb Code     0  libshutdown.o(.ARM.Collect$$libshutdown$$00000000)
    __rt_lib_shutdown_cpp_1                  0x0800023f   Thumb Code     0  libshutdown2.o(.ARM.Collect$$libshutdown$$00000002)
    __rt_lib_shutdown_fp_trap_1              0x0800023f   Thumb Code     0  libshutdown2.o(.ARM.Collect$$libshutdown$$00000007)
    __rt_lib_shutdown_heap_1                 0x0800023f   Thumb Code     0  libshutdown2.o(.ARM.Collect$$libshutdown$$0000000F)
    __rt_lib_shutdown_return                 0x0800023f   Thumb Code     0  libshutdown2.o(.ARM.Collect$$libshutdown$$00000010)
    __rt_lib_shutdown_signal_1               0x0800023f   Thumb Code     0  libshutdown2.o(.ARM.Collect$$libshutdown$$0000000A)
    __rt_lib_shutdown_stdio_1                0x0800023f   Thumb Code     0  libshutdown2.o(.ARM.Collect$$libshutdown$$00000004)
    __rt_lib_shutdown_user_alloc_1           0x0800023f   Thumb Code     0  libshutdown2.o(.ARM.Collect$$libshutdown$$0000000C)
    __rt_entry                               0x08000241   Thumb Code     0  __rtentry.o(.ARM.Collect$$rtentry$$00000000)
    __rt_entry_presh_1                       0x08000241   Thumb Code     0  __rtentry2.o(.ARM.Collect$$rtentry$$00000002)
    __rt_entry_sh                            0x08000241   Thumb Code     0  __rtentry4.o(.ARM.Collect$$rtentry$$00000004)
    __rt_entry_li                            0x08000247   Thumb Code     0  __rtentry2.o(.ARM.Collect$$rtentry$$0000000A)
    __rt_entry_postsh_1                      0x08000247   Thumb Code     0  __rtentry2.o(.ARM.Collect$$rtentry$$00000009)
    __rt_entry_main                          0x0800024b   Thumb Code     0  __rtentry2.o(.ARM.Collect$$rtentry$$0000000D)
    __rt_entry_postli_1                      0x0800024b   Thumb Code     0  __rtentry2.o(.ARM.Collect$$rtentry$$0000000C)
    __rt_exit                                0x08000253   Thumb Code     0  rtexit.o(.ARM.Collect$$rtexit$$00000000)
    __rt_exit_ls                             0x08000255   Thumb Code     0  rtexit2.o(.ARM.Collect$$rtexit$$00000003)
    __rt_exit_prels_1                        0x08000255   Thumb Code     0  rtexit2.o(.ARM.Collect$$rtexit$$00000002)
    __rt_exit_exit                           0x08000259   Thumb Code     0  rtexit2.o(.ARM.Collect$$rtexit$$00000004)
    Reset_Handler                            0x08000261   Thumb Code     8  startup_stm32f103xb.o(.text)
    ADC1_2_IRQHandler                        0x0800027b   Thumb Code     0  startup_stm32f103xb.o(.text)
    CAN1_RX1_IRQHandler                      0x0800027b   Thumb Code     0  startup_stm32f103xb.o(.text)
    CAN1_SCE_IRQHandler                      0x0800027b   Thumb Code     0  startup_stm32f103xb.o(.text)
    DMA1_Channel1_IRQHandler                 0x0800027b   Thumb Code     0  startup_stm32f103xb.o(.text)
    DMA1_Channel2_IRQHandler                 0x0800027b   Thumb Code     0  startup_stm32f103xb.o(.text)
    DMA1_Channel3_IRQHandler                 0x0800027b   Thumb Code     0  startup_stm32f103xb.o(.text)
    DMA1_Channel4_IRQHandler                 0x0800027b   Thumb Code     0  startup_stm32f103xb.o(.text)
    DMA1_Channel5_IRQHandler                 0x0800027b   Thumb Code     0  startup_stm32f103xb.o(.text)
    DMA1_Channel6_IRQHandler                 0x0800027b   Thumb Code     0  startup_stm32f103xb.o(.text)
    DMA1_Channel7_IRQHandler                 0x0800027b   Thumb Code     0  startup_stm32f103xb.o(.text)
    EXTI0_IRQHandler                         0x0800027b   Thumb Code     0  startup_stm32f103xb.o(.text)
    EXTI15_10_IRQHandler                     0x0800027b   Thumb Code     0  startup_stm32f103xb.o(.text)
    EXTI1_IRQHandler                         0x0800027b   Thumb Code     0  startup_stm32f103xb.o(.text)
    EXTI2_IRQHandler                         0x0800027b   Thumb Code     0  startup_stm32f103xb.o(.text)
    EXTI3_IRQHandler                         0x0800027b   Thumb Code     0  startup_stm32f103xb.o(.text)
    EXTI4_IRQHandler                         0x0800027b   Thumb Code     0  startup_stm32f103xb.o(.text)
    EXTI9_5_IRQHandler                       0x0800027b   Thumb Code     0  startup_stm32f103xb.o(.text)
    FLASH_IRQHandler                         0x0800027b   Thumb Code     0  startup_stm32f103xb.o(.text)
    I2C1_ER_IRQHandler                       0x0800027b   Thumb Code     0  startup_stm32f103xb.o(.text)
    I2C1_EV_IRQHandler                       0x0800027b   Thumb Code     0  startup_stm32f103xb.o(.text)
    I2C2_ER_IRQHandler                       0x0800027b   Thumb Code     0  startup_stm32f103xb.o(.text)
    I2C2_EV_IRQHandler                       0x0800027b   Thumb Code     0  startup_stm32f103xb.o(.text)
    PVD_IRQHandler                           0x0800027b   Thumb Code     0  startup_stm32f103xb.o(.text)
    RCC_IRQHandler                           0x0800027b   Thumb Code     0  startup_stm32f103xb.o(.text)
    RTC_Alarm_IRQHandler                     0x0800027b   Thumb Code     0  startup_stm32f103xb.o(.text)
    RTC_IRQHandler                           0x0800027b   Thumb Code     0  startup_stm32f103xb.o(.text)
    SPI1_IRQHandler                          0x0800027b   Thumb Code     0  startup_stm32f103xb.o(.text)
    SPI2_IRQHandler                          0x0800027b   Thumb Code     0  startup_stm32f103xb.o(.text)
    TAMPER_IRQHandler                        0x0800027b   Thumb Code     0  startup_stm32f103xb.o(.text)
    TIM1_BRK_IRQHandler                      0x0800027b   Thumb Code     0  startup_stm32f103xb.o(.text)
    TIM1_CC_IRQHandler                       0x0800027b   Thumb Code     0  startup_stm32f103xb.o(.text)
    TIM1_TRG_COM_IRQHandler                  0x0800027b   Thumb Code     0  startup_stm32f103xb.o(.text)
    TIM1_UP_IRQHandler                       0x0800027b   Thumb Code     0  startup_stm32f103xb.o(.text)
    TIM2_IRQHandler                          0x0800027b   Thumb Code     0  startup_stm32f103xb.o(.text)
    TIM3_IRQHandler                          0x0800027b   Thumb Code     0  startup_stm32f103xb.o(.text)
    TIM4_IRQHandler                          0x0800027b   Thumb Code     0  startup_stm32f103xb.o(.text)
    USART1_IRQHandler                        0x0800027b   Thumb Code     0  startup_stm32f103xb.o(.text)
    USART2_IRQHandler                        0x0800027b   Thumb Code     0  startup_stm32f103xb.o(.text)
    USART3_IRQHandler                        0x0800027b   Thumb Code     0  startup_stm32f103xb.o(.text)
    USBWakeUp_IRQHandler                     0x0800027b   Thumb Code     0  startup_stm32f103xb.o(.text)
    USB_HP_CAN1_TX_IRQHandler                0x0800027b   Thumb Code     0  startup_stm32f103xb.o(.text)
    USB_LP_CAN1_RX0_IRQHandler               0x0800027b   Thumb Code     0  startup_stm32f103xb.o(.text)
    WWDG_IRQHandler                          0x0800027b   Thumb Code     0  startup_stm32f103xb.o(.text)
    __user_initial_stackheap                 0x0800027d   Thumb Code     0  startup_stm32f103xb.o(.text)
    sprintf                                  0x080002a1   Thumb Code    38  sprintf.o(.text)
    __aeabi_memclr4                          0x080002cd   Thumb Code     0  rt_memclr_w.o(.text)
    __aeabi_memclr8                          0x080002cd   Thumb Code     0  rt_memclr_w.o(.text)
    __rt_memclr_w                            0x080002cd   Thumb Code     0  rt_memclr_w.o(.text)
    _memset_w                                0x080002d1   Thumb Code    74  rt_memclr_w.o(.text)
    strcmp                                   0x0800031d   Thumb Code   128  strcmpv7m.o(.text)
    __use_two_region_memory                  0x0800039d   Thumb Code     2  heapauxi.o(.text)
    __rt_heap_escrow$2region                 0x0800039f   Thumb Code     2  heapauxi.o(.text)
    __rt_heap_expand$2region                 0x080003a1   Thumb Code     2  heapauxi.o(.text)
    _printf_pre_padding                      0x080003a3   Thumb Code    44  _printf_pad.o(.text)
    _printf_post_padding                     0x080003cf   Thumb Code    34  _printf_pad.o(.text)
    _printf_truncate_signed                  0x080003f1   Thumb Code    18  _printf_truncate.o(.text)
    _printf_truncate_unsigned                0x08000403   Thumb Code    18  _printf_truncate.o(.text)
    _printf_str                              0x08000415   Thumb Code    82  _printf_str.o(.text)
    _printf_int_dec                          0x08000469   Thumb Code   104  _printf_dec.o(.text)
    _printf_charcount                        0x080004e1   Thumb Code    40  _printf_charcount.o(.text)
    _printf_char_common                      0x08000513   Thumb Code    32  _printf_char_common.o(.text)
    _sputc                                   0x08000539   Thumb Code    10  _sputc.o(.text)
    _printf_wctomb                           0x08000545   Thumb Code   182  _printf_wctomb.o(.text)
    _printf_longlong_dec                     0x08000601   Thumb Code   108  _printf_longlong_dec.o(.text)
    _printf_longlong_oct                     0x0800067d   Thumb Code    68  _printf_oct_int_ll.o(.text)
    _printf_int_oct                          0x080006c1   Thumb Code    24  _printf_oct_int_ll.o(.text)
    _printf_ll_oct                           0x080006d9   Thumb Code    12  _printf_oct_int_ll.o(.text)
    _printf_longlong_hex                     0x080006ed   Thumb Code    86  _printf_hex_int_ll_ptr.o(.text)
    _printf_int_hex                          0x08000743   Thumb Code    28  _printf_hex_int_ll_ptr.o(.text)
    _printf_ll_hex                           0x0800075f   Thumb Code    12  _printf_hex_int_ll_ptr.o(.text)
    _printf_hex_ptr                          0x0800076b   Thumb Code    18  _printf_hex_int_ll_ptr.o(.text)
    __printf                                 0x08000781   Thumb Code   388  __printf_flags_ss_wp.o(.text)
    _ll_udiv10                               0x08000909   Thumb Code   138  lludiv10.o(.text)
    _printf_int_common                       0x08000993   Thumb Code   178  _printf_intcommon.o(.text)
    _printf_fp_dec_real                      0x08000bf5   Thumb Code   620  _printf_fp_dec.o(.text)
    _printf_fp_hex_real                      0x08000e61   Thumb Code   756  _printf_fp_hex.o(.text)
    _printf_cs_common                        0x0800115d   Thumb Code    20  _printf_char.o(.text)
    _printf_char                             0x08001171   Thumb Code    16  _printf_char.o(.text)
    _printf_string                           0x08001181   Thumb Code     8  _printf_char.o(.text)
    _printf_lcs_common                       0x08001189   Thumb Code    20  _printf_wchar.o(.text)
    _printf_wchar                            0x0800119d   Thumb Code    16  _printf_wchar.o(.text)
    _printf_wstring                          0x080011ad   Thumb Code     8  _printf_wchar.o(.text)
    _c16rtomb                                0x080011b5   Thumb Code    72  _c16rtomb.o(.text)
    _wcrtomb                                 0x080011b5   Thumb Code     0  _c16rtomb.o(.text)
    __user_setup_stackheap                   0x080011fd   Thumb Code    74  sys_stackheap_outer.o(.text)
    __rt_ctype_table                         0x08001249   Thumb Code    16  rt_ctype_table.o(.text)
    __rt_locale                              0x08001259   Thumb Code     8  rt_locale_intlibspace.o(.text)
    _printf_fp_infnan                        0x08001261   Thumb Code   112  _printf_fp_infnan.o(.text)
    _btod_etento                             0x080012e1   Thumb Code   224  bigflt0.o(.text)
    exit                                     0x080013c5   Thumb Code    18  exit.o(.text)
    __user_libspace                          0x080013d9   Thumb Code     8  libspace.o(.text)
    __user_perproc_libspace                  0x080013d9   Thumb Code     0  libspace.o(.text)
    __user_perthread_libspace                0x080013d9   Thumb Code     0  libspace.o(.text)
    _sys_exit                                0x080013e1   Thumb Code     8  sys_exit.o(.text)
    __I$use$semihosting                      0x080013ed   Thumb Code     0  use_no_semi.o(.text)
    __use_no_semihosting_swi                 0x080013ed   Thumb Code     2  use_no_semi.o(.text)
    __semihosting_library_function           0x080013ef   Thumb Code     0  indicate_semi.o(.text)
    Access_GrantedCard                       0x080013f1   Thumb Code   150  rc522.o(.text.Access_GrantedCard)
    AddNewMemberOrMasterCard                 0x08001489   Thumb Code   208  rc522.o(.text.AddNewMemberOrMasterCard)
    AntennaOn                                0x08001559   Thumb Code    48  rc522.o(.text.AntennaOn)
    BusFault_Handler                         0x08001589   Thumb Code     4  stm32f1xx_it.o(.text.BusFault_Handler)
    Buzzer_Beep                              0x0800158d   Thumb Code    52  rc522.o(.text.Buzzer_Beep)
    COUNTDOWN                                0x080015c1   Thumb Code    76  lcd.o(.text.COUNTDOWN)
    DebugMon_Handler                         0x0800160d   Thumb Code     2  stm32f1xx_it.o(.text.DebugMon_Handler)
    DeleteMemberCard                         0x08001611   Thumb Code   204  rc522.o(.text.DeleteMemberCard)
    Error_Handler                            0x080016dd   Thumb Code    14  main.o(.text.Error_Handler)
    Flash_Buzzer_And_Led                     0x080016ed   Thumb Code   200  rc522.o(.text.Flash_Buzzer_And_Led)
    HAL_Delay                                0x080017b5   Thumb Code    66  stm32f1xx_hal.o(.text.HAL_Delay)
    HAL_GPIO_Init                            0x080017f9   Thumb Code   798  stm32f1xx_hal_gpio.o(.text.HAL_GPIO_Init)
    HAL_GPIO_ReadPin                         0x08001b19   Thumb Code    46  stm32f1xx_hal_gpio.o(.text.HAL_GPIO_ReadPin)
    HAL_GPIO_WritePin                        0x08001b49   Thumb Code    46  stm32f1xx_hal_gpio.o(.text.HAL_GPIO_WritePin)
    HAL_GetTick                              0x08001b79   Thumb Code    12  stm32f1xx_hal.o(.text.HAL_GetTick)
    HAL_I2C_Init                             0x08001b85   Thumb Code   652  stm32f1xx_hal_i2c.o(.text.HAL_I2C_Init)
    HAL_I2C_Master_Transmit                  0x08001e11   Thumb Code   524  stm32f1xx_hal_i2c.o(.text.HAL_I2C_Master_Transmit)
    HAL_I2C_MspInit                          0x0800201d   Thumb Code   126  stm32f1xx_hal_msp.o(.text.HAL_I2C_MspInit)
    HAL_IncTick                              0x0800209d   Thumb Code    26  stm32f1xx_hal.o(.text.HAL_IncTick)
    HAL_Init                                 0x080020b9   Thumb Code    38  stm32f1xx_hal.o(.text.HAL_Init)
    HAL_InitTick                             0x080020e1   Thumb Code   112  stm32f1xx_hal.o(.text.HAL_InitTick)
    HAL_MspInit                              0x08002151   Thumb Code   100  stm32f1xx_hal_msp.o(.text.HAL_MspInit)
    HAL_NVIC_SetPriority                     0x080021b5   Thumb Code    50  stm32f1xx_hal_cortex.o(.text.HAL_NVIC_SetPriority)
    HAL_NVIC_SetPriorityGrouping             0x080021e9   Thumb Code    16  stm32f1xx_hal_cortex.o(.text.HAL_NVIC_SetPriorityGrouping)
    HAL_RCC_ClockConfig                      0x080021f9   Thumb Code   598  stm32f1xx_hal_rcc.o(.text.HAL_RCC_ClockConfig)
    HAL_RCC_GetHCLKFreq                      0x08002451   Thumb Code    12  stm32f1xx_hal_rcc.o(.text.HAL_RCC_GetHCLKFreq)
    HAL_RCC_GetPCLK1Freq                     0x0800245d   Thumb Code    34  stm32f1xx_hal_rcc.o(.text.HAL_RCC_GetPCLK1Freq)
    HAL_RCC_GetSysClockFreq                  0x08002481   Thumb Code   228  stm32f1xx_hal_rcc.o(.text.HAL_RCC_GetSysClockFreq)
    HAL_RCC_OscConfig                        0x08002565   Thumb Code  1658  stm32f1xx_hal_rcc.o(.text.HAL_RCC_OscConfig)
    HAL_SPI_Init                             0x08002be1   Thumb Code   186  stm32f1xx_hal_spi.o(.text.HAL_SPI_Init)
    HAL_SPI_MspInit                          0x08002c9d   Thumb Code   152  stm32f1xx_hal_msp.o(.text.HAL_SPI_MspInit)
    HAL_SPI_Receive                          0x08002d35   Thumb Code   548  stm32f1xx_hal_spi.o(.text.HAL_SPI_Receive)
    HAL_SPI_Transmit                         0x08002f59   Thumb Code   632  stm32f1xx_hal_spi.o(.text.HAL_SPI_Transmit)
    HAL_SPI_TransmitReceive                  0x080031d1   Thumb Code   870  stm32f1xx_hal_spi.o(.text.HAL_SPI_TransmitReceive)
    HAL_SYSTICK_Config                       0x08003539   Thumb Code    16  stm32f1xx_hal_cortex.o(.text.HAL_SYSTICK_Config)
    HAL_TIMEx_MasterConfigSynchronization    0x08003549   Thumb Code   152  stm32f1xx_hal_tim_ex.o(.text.HAL_TIMEx_MasterConfigSynchronization)
    HAL_TIM_Base_Init                        0x080035e1   Thumb Code    88  stm32f1xx_hal_tim.o(.text.HAL_TIM_Base_Init)
    HAL_TIM_Base_MspInit                     0x08003639   Thumb Code    52  stm32f1xx_hal_msp.o(.text.HAL_TIM_Base_MspInit)
    HAL_TIM_ConfigClockSource                0x0800366d   Thumb Code   374  stm32f1xx_hal_tim.o(.text.HAL_TIM_ConfigClockSource)
    HAL_TIM_MspPostInit                      0x080037e5   Thumb Code    86  stm32f1xx_hal_msp.o(.text.HAL_TIM_MspPostInit)
    HAL_TIM_PWM_ConfigChannel                0x0800383d   Thumb Code   324  stm32f1xx_hal_tim.o(.text.HAL_TIM_PWM_ConfigChannel)
    HAL_TIM_PWM_Init                         0x08003981   Thumb Code    88  stm32f1xx_hal_tim.o(.text.HAL_TIM_PWM_Init)
    HAL_TIM_PWM_MspInit                      0x080039d9   Thumb Code     8  stm32f1xx_hal_tim.o(.text.HAL_TIM_PWM_MspInit)
    HAL_TIM_PWM_Start                        0x080039e1   Thumb Code    92  stm32f1xx_hal_tim.o(.text.HAL_TIM_PWM_Start)
    HardFault_Handler                        0x08003a3d   Thumb Code     4  stm32f1xx_it.o(.text.HardFault_Handler)
    KeyPad_GetKey                            0x08003e9d   Thumb Code   300  keypad.o(.text.KeyPad_GetKey)
    Lcd_Bat_Den                              0x08003fc9   Thumb Code    52  lcd.o(.text.Lcd_Bat_Den)
    Lcd_Ghi_Chuoi                            0x08003ffd   Thumb Code    34  lcd.o(.text.Lcd_Ghi_Chuoi)
    Lcd_Ghi_Dulieu                           0x08004021   Thumb Code   108  lcd.o(.text.Lcd_Ghi_Dulieu)
    Lcd_Ghi_Lenh                             0x0800408d   Thumb Code   108  lcd.o(.text.Lcd_Ghi_Lenh)
    Lcd_Tat_Den                              0x080040f9   Thumb Code    52  lcd.o(.text.Lcd_Tat_Den)
    Lcd_xoa_manhinh                          0x0800412d   Thumb Code    10  lcd.o(.text.Lcd_xoa_manhinh)
    MFRC522_Anticoll                         0x08004139   Thumb Code   152  rc522.o(.text.MFRC522_Anticoll)
    MFRC522_Check                            0x080041d1   Thumb Code    68  rc522.o(.text.MFRC522_Check)
    MFRC522_ClearBitMask                     0x08004215   Thumb Code    52  rc522.o(.text.MFRC522_ClearBitMask)
    MFRC522_Compare                          0x08004249   Thumb Code    82  rc522.o(.text.MFRC522_Compare)
    MFRC522_Init                             0x0800429d   Thumb Code   164  rc522.o(.text.MFRC522_Init)
    MFRC522_ReadRegister                     0x08004341   Thumb Code    94  rc522.o(.text.MFRC522_ReadRegister)
    MFRC522_Request                          0x080043a1   Thumb Code    86  rc522.o(.text.MFRC522_Request)
    MFRC522_Reset                            0x080043f9   Thumb Code    20  rc522.o(.text.MFRC522_Reset)
    MFRC522_SetBitMask                       0x0800440d   Thumb Code    52  rc522.o(.text.MFRC522_SetBitMask)
    MFRC522_ToCard                           0x08004441   Thumb Code   540  rc522.o(.text.MFRC522_ToCard)
    MFRC522_WriteRegister                    0x0800465d   Thumb Code    80  rc522.o(.text.MFRC522_WriteRegister)
    MemManage_Handler                        0x080048f1   Thumb Code     4  stm32f1xx_it.o(.text.MemManage_Handler)
    Member                                   0x080048f5   Thumb Code    94  rc522.o(.text.Member)
    NMI_Handler                              0x08004955   Thumb Code     4  stm32f1xx_it.o(.text.NMI_Handler)
    PendSV_Handler                           0x080049c5   Thumb Code     2  stm32f1xx_it.o(.text.PendSV_Handler)
    SVC_Handler                              0x08004bed   Thumb Code     2  stm32f1xx_it.o(.text.SVC_Handler)
    Servo_Init                               0x08004bf1   Thumb Code    24  mg90s.o(.text.Servo_Init)
    Servo_SetAngle                           0x08004c09   Thumb Code   198  mg90s.o(.text.Servo_SetAngle)
    SysTick_Handler                          0x08004d25   Thumb Code     8  stm32f1xx_it.o(.text.SysTick_Handler)
    SystemClock_Config                       0x08004d2d   Thumb Code    90  main.o(.text.SystemClock_Config)
    SystemInit                               0x08004d89   Thumb Code    96  system_stm32f1xx.o(.text.SystemInit)
    TIM_Base_SetConfig                       0x08004de9   Thumb Code   240  stm32f1xx_hal_tim.o(.text.TIM_Base_SetConfig)
    TIM_CCxChannelCmd                        0x08004ed9   Thumb Code    54  stm32f1xx_hal_tim.o(.text.TIM_CCxChannelCmd)
    TIM_ETR_SetConfig                        0x08004f11   Thumb Code    52  stm32f1xx_hal_tim.o(.text.TIM_ETR_SetConfig)
    TIM_OC2_SetConfig                        0x08005041   Thumb Code   216  stm32f1xx_hal_tim.o(.text.TIM_OC2_SetConfig)
    UsageFault_Handler                       0x0800532d   Thumb Code     4  stm32f1xx_it.o(.text.UsageFault_Handler)
    countdown                                0x080053c1   Thumb Code    76  lcd.o(.text.countdown)
    lcd_init                                 0x0800540d   Thumb Code    64  lcd.o(.text.lcd_init)
    main                                     0x0800544d   Thumb Code  3516  main.o(.text.main)
    _btod_d2e                                0x08006209   Thumb Code    62  btod.o(CL$$btod_d2e)
    _d2e_denorm_low                          0x08006247   Thumb Code    70  btod.o(CL$$btod_d2e_denorm_low)
    _d2e_norm_op1                            0x0800628d   Thumb Code    96  btod.o(CL$$btod_d2e_norm_op1)
    __btod_div_common                        0x080062ed   Thumb Code   696  btod.o(CL$$btod_div_common)
    _e2e                                     0x08006625   Thumb Code   220  btod.o(CL$$btod_e2e)
    _btod_ediv                               0x08006701   Thumb Code    42  btod.o(CL$$btod_ediv)
    _btod_emul                               0x0800672b   Thumb Code    42  btod.o(CL$$btod_emul)
    __btod_mult_common                       0x08006755   Thumb Code   580  btod.o(CL$$btod_mult_common)
    __ARM_fpclassify                         0x08006999   Thumb Code    40  fpclassify.o(i.__ARM_fpclassify)
    _is_digit                                0x080069c1   Thumb Code    14  __printf_wp.o(i._is_digit)
    _get_lc_numeric                          0x080069d1   Thumb Code    44  lc_numeric_c.o(locale$$code)
    _get_lc_ctype                            0x080069fd   Thumb Code    44  lc_ctype_c.o(locale$$code)
    __aeabi_fadd                             0x08006a29   Thumb Code     0  faddsub_clz.o(x$fpl$fadd)
    _fadd                                    0x08006a29   Thumb Code   196  faddsub_clz.o(x$fpl$fadd)
    __aeabi_fdiv                             0x08006aed   Thumb Code     0  fdiv.o(x$fpl$fdiv)
    _fdiv                                    0x08006aed   Thumb Code   384  fdiv.o(x$fpl$fdiv)
    __aeabi_f2uiz                            0x08006c71   Thumb Code     0  ffixu.o(x$fpl$ffixu)
    _ffixu                                   0x08006c71   Thumb Code    62  ffixu.o(x$fpl$ffixu)
    __aeabi_ui2f                             0x08006cb1   Thumb Code     0  fflt_clz.o(x$fpl$ffltu)
    _ffltu                                   0x08006cb1   Thumb Code    38  fflt_clz.o(x$fpl$ffltu)
    __aeabi_fmul                             0x08006cd9   Thumb Code     0  fmul.o(x$fpl$fmul)
    _fmul                                    0x08006cd9   Thumb Code   258  fmul.o(x$fpl$fmul)
    __fpl_fnaninf                            0x08006ddb   Thumb Code   140  fnaninf.o(x$fpl$fnaninf)
    __fpl_fretinf                            0x08006e67   Thumb Code    10  fretinf.o(x$fpl$fretinf)
    __aeabi_fsub                             0x08006e71   Thumb Code     0  faddsub_clz.o(x$fpl$fsub)
    _fsub                                    0x08006e71   Thumb Code   234  faddsub_clz.o(x$fpl$fsub)
    _printf_fp_dec                           0x08006f5b   Thumb Code     4  printf1.o(x$fpl$printf1)
    _printf_fp_hex                           0x08006f5f   Thumb Code     4  printf2.o(x$fpl$printf2)
    __I$use$fp                               0x08006f62   Number         0  usenofp.o(x$fpl$usenofp)
    AHBPrescTable                            0x08007060   Data          16  system_stm32f1xx.o(.rodata.AHBPrescTable)
    APBPrescTable                            0x08007070   Data           8  system_stm32f1xx.o(.rodata.APBPrescTable)
    Region$$Table$$Base                      0x08007348   Number         0  anon$$obj.o(Region$$Table)
    Region$$Table$$Limit                     0x08007368   Number         0  anon$$obj.o(Region$$Table)
    __ctype                                  0x08007391   Data           0  lc_ctype_c.o(locale$$data)
    MasterCardID                             0x20000000   Data           4  rc522.o(.data.MasterCardID)
    SystemCoreClock                          0x20000004   Data           4  system_stm32f1xx.o(.data.SystemCoreClock)
    password                                 0x20000019   Data           7  main.o(.data.password)
    uwTickFreq                               0x20000020   Data           1  stm32f1xx_hal.o(.data.uwTickFreq)
    uwTickPrio                               0x20000024   Data           4  stm32f1xx_hal.o(.data.uwTickPrio)
    __libspace_start                         0x20000028   Data          96  libspace.o(.bss)
    Backlight                                0x20000088   Data           1  main.o(.bss.Backlight)
    __temporary_stack_top$libspace           0x20000088   Data           0  libspace.o(.bss)
    CardID                                   0x20000089   Data           4  rc522.o(.bss.CardID)
    CurrentState                             0x2000008d   Data           1  main.o(.bss.CurrentState)
    MFRC522                                  0x20000090   Data          20  rc522.o(.bss.MFRC522)
    Master_Card_Exists                       0x200000a4   Data           1  rc522.o(.bss.Master_Card_Exists)
    MemberCardCount                          0x200000a5   Data           1  rc522.o(.bss.MemberCardCount)
    MemberCardList                           0x200000a6   Data          25  rc522.o(.bss.MemberCardList)
    hi2c1                                    0x200000c0   Data          84  main.o(.bss.hi2c1)
    hspi2                                    0x20000114   Data          88  main.o(.bss.hspi2)
    htim2                                    0x2000016c   Data          64  main.o(.bss.htim2)
    input_buffer                             0x200001ac   Data          10  main.o(.bss.input_buffer)
    input_key                                0x200001b6   Data           1  main.o(.bss.input_key)
    input_mode                               0x200001b7   Data           1  main.o(.bss.input_mode)
    last_activity_time                       0x200001b8   Data           4  rc522.o(.bss.last_activity_time)
    status                                   0x200001bc   Data           1  rc522.o(.bss.status)
    time_buffer                              0x200001bd   Data          20  main.o(.bss.time_buffer)
    uwTick                                   0x200001d4   Data           4  stm32f1xx_hal.o(.bss.uwTick)



==============================================================================

Memory Map of the image

  Image Entry point : 0x080000ed

  Load Region LR_IROM1 (Base: 0x08000000, Size: 0x000074c0, Max: 0x00010000, ABSOLUTE)

    Execution Region ER_IROM1 (Exec base: 0x08000000, Load base: 0x08000000, Size: 0x00007494, Max: 0x00010000, ABSOLUTE)

    Exec Addr    Load Addr    Size         Type   Attr      Idx    E Section Name        Object

    0x08000000   0x08000000   0x000000ec   Data   RO            3    RESET               startup_stm32f103xb.o
    0x080000ec   0x080000ec   0x00000008   Code   RO         1210  * !!!main             c_w.l(__main.o)
    0x080000f4   0x080000f4   0x0000005c   Code   RO         1571    !!!scatter          c_w.l(__scatter.o)
    0x08000150   0x08000150   0x0000001a   Code   RO         1575    !!handler_copy      c_w.l(__scatter_copy.o)
    0x0800016a   0x0800016a   0x00000002   PAD
    0x0800016c   0x0800016c   0x00000002   Code   RO         1572    !!handler_null      c_w.l(__scatter.o)
    0x0800016e   0x0800016e   0x00000002   PAD
    0x08000170   0x08000170   0x0000001c   Code   RO         1577    !!handler_zi        c_w.l(__scatter_zi.o)
    0x0800018c   0x0800018c   0x00000000   Code   RO         1316    .ARM.Collect$$_printf_percent$$00000000  c_w.l(_printf_percent.o)
    0x0800018c   0x0800018c   0x00000006   Code   RO         1305    .ARM.Collect$$_printf_percent$$00000001  c_w.l(_printf_n.o)
    0x08000192   0x08000192   0x00000006   Code   RO         1307    .ARM.Collect$$_printf_percent$$00000002  c_w.l(_printf_p.o)
    0x08000198   0x08000198   0x00000006   Code   RO         1312    .ARM.Collect$$_printf_percent$$00000003  c_w.l(_printf_f.o)
    0x0800019e   0x0800019e   0x00000006   Code   RO         1313    .ARM.Collect$$_printf_percent$$00000004  c_w.l(_printf_e.o)
    0x080001a4   0x080001a4   0x00000006   Code   RO         1314    .ARM.Collect$$_printf_percent$$00000005  c_w.l(_printf_g.o)
    0x080001aa   0x080001aa   0x00000006   Code   RO         1315    .ARM.Collect$$_printf_percent$$00000006  c_w.l(_printf_a.o)
    0x080001b0   0x080001b0   0x0000000a   Code   RO         1320    .ARM.Collect$$_printf_percent$$00000007  c_w.l(_printf_ll.o)
    0x080001ba   0x080001ba   0x00000006   Code   RO         1309    .ARM.Collect$$_printf_percent$$00000008  c_w.l(_printf_i.o)
    0x080001c0   0x080001c0   0x00000006   Code   RO         1310    .ARM.Collect$$_printf_percent$$00000009  c_w.l(_printf_d.o)
    0x080001c6   0x080001c6   0x00000006   Code   RO         1311    .ARM.Collect$$_printf_percent$$0000000A  c_w.l(_printf_u.o)
    0x080001cc   0x080001cc   0x00000006   Code   RO         1308    .ARM.Collect$$_printf_percent$$0000000B  c_w.l(_printf_o.o)
    0x080001d2   0x080001d2   0x00000006   Code   RO         1306    .ARM.Collect$$_printf_percent$$0000000C  c_w.l(_printf_x.o)
    0x080001d8   0x080001d8   0x00000006   Code   RO         1317    .ARM.Collect$$_printf_percent$$0000000D  c_w.l(_printf_lli.o)
    0x080001de   0x080001de   0x00000006   Code   RO         1318    .ARM.Collect$$_printf_percent$$0000000E  c_w.l(_printf_lld.o)
    0x080001e4   0x080001e4   0x00000006   Code   RO         1319    .ARM.Collect$$_printf_percent$$0000000F  c_w.l(_printf_llu.o)
    0x080001ea   0x080001ea   0x00000006   Code   RO         1324    .ARM.Collect$$_printf_percent$$00000010  c_w.l(_printf_llo.o)
    0x080001f0   0x080001f0   0x00000006   Code   RO         1325    .ARM.Collect$$_printf_percent$$00000011  c_w.l(_printf_llx.o)
    0x080001f6   0x080001f6   0x0000000a   Code   RO         1321    .ARM.Collect$$_printf_percent$$00000012  c_w.l(_printf_l.o)
    0x08000200   0x08000200   0x00000006   Code   RO         1303    .ARM.Collect$$_printf_percent$$00000013  c_w.l(_printf_c.o)
    0x08000206   0x08000206   0x00000006   Code   RO         1304    .ARM.Collect$$_printf_percent$$00000014  c_w.l(_printf_s.o)
    0x0800020c   0x0800020c   0x00000006   Code   RO         1322    .ARM.Collect$$_printf_percent$$00000015  c_w.l(_printf_lc.o)
    0x08000212   0x08000212   0x00000006   Code   RO         1323    .ARM.Collect$$_printf_percent$$00000016  c_w.l(_printf_ls.o)
    0x08000218   0x08000218   0x00000004   Code   RO         1371    .ARM.Collect$$_printf_percent$$00000017  c_w.l(_printf_percent_end.o)
    0x0800021c   0x0800021c   0x00000002   Code   RO         1422    .ARM.Collect$$libinit$$00000000  c_w.l(libinit.o)
    0x0800021e   0x0800021e   0x00000000   Code   RO         1438    .ARM.Collect$$libinit$$00000002  c_w.l(libinit2.o)
    0x0800021e   0x0800021e   0x00000000   Code   RO         1440    .ARM.Collect$$libinit$$00000004  c_w.l(libinit2.o)
    0x0800021e   0x0800021e   0x00000000   Code   RO         1442    .ARM.Collect$$libinit$$00000006  c_w.l(libinit2.o)
    0x0800021e   0x0800021e   0x00000000   Code   RO         1445    .ARM.Collect$$libinit$$0000000C  c_w.l(libinit2.o)
    0x0800021e   0x0800021e   0x00000000   Code   RO         1447    .ARM.Collect$$libinit$$0000000E  c_w.l(libinit2.o)
    0x0800021e   0x0800021e   0x00000000   Code   RO         1449    .ARM.Collect$$libinit$$00000010  c_w.l(libinit2.o)
    0x0800021e   0x0800021e   0x00000006   Code   RO         1450    .ARM.Collect$$libinit$$00000011  c_w.l(libinit2.o)
    0x08000224   0x08000224   0x00000000   Code   RO         1452    .ARM.Collect$$libinit$$00000013  c_w.l(libinit2.o)
    0x08000224   0x08000224   0x0000000c   Code   RO         1453    .ARM.Collect$$libinit$$00000014  c_w.l(libinit2.o)
    0x08000230   0x08000230   0x00000000   Code   RO         1454    .ARM.Collect$$libinit$$00000015  c_w.l(libinit2.o)
    0x08000230   0x08000230   0x00000000   Code   RO         1456    .ARM.Collect$$libinit$$00000017  c_w.l(libinit2.o)
    0x08000230   0x08000230   0x0000000a   Code   RO         1457    .ARM.Collect$$libinit$$00000018  c_w.l(libinit2.o)
    0x0800023a   0x0800023a   0x00000000   Code   RO         1458    .ARM.Collect$$libinit$$00000019  c_w.l(libinit2.o)
    0x0800023a   0x0800023a   0x00000000   Code   RO         1460    .ARM.Collect$$libinit$$0000001B  c_w.l(libinit2.o)
    0x0800023a   0x0800023a   0x00000000   Code   RO         1462    .ARM.Collect$$libinit$$0000001D  c_w.l(libinit2.o)
    0x0800023a   0x0800023a   0x00000000   Code   RO         1464    .ARM.Collect$$libinit$$0000001F  c_w.l(libinit2.o)
    0x0800023a   0x0800023a   0x00000000   Code   RO         1466    .ARM.Collect$$libinit$$00000021  c_w.l(libinit2.o)
    0x0800023a   0x0800023a   0x00000000   Code   RO         1468    .ARM.Collect$$libinit$$00000023  c_w.l(libinit2.o)
    0x0800023a   0x0800023a   0x00000000   Code   RO         1470    .ARM.Collect$$libinit$$00000025  c_w.l(libinit2.o)
    0x0800023a   0x0800023a   0x00000000   Code   RO         1472    .ARM.Collect$$libinit$$00000027  c_w.l(libinit2.o)
    0x0800023a   0x0800023a   0x00000000   Code   RO         1476    .ARM.Collect$$libinit$$0000002E  c_w.l(libinit2.o)
    0x0800023a   0x0800023a   0x00000000   Code   RO         1478    .ARM.Collect$$libinit$$00000030  c_w.l(libinit2.o)
    0x0800023a   0x0800023a   0x00000000   Code   RO         1480    .ARM.Collect$$libinit$$00000032  c_w.l(libinit2.o)
    0x0800023a   0x0800023a   0x00000000   Code   RO         1482    .ARM.Collect$$libinit$$00000034  c_w.l(libinit2.o)
    0x0800023a   0x0800023a   0x00000002   Code   RO         1483    .ARM.Collect$$libinit$$00000035  c_w.l(libinit2.o)
    0x0800023c   0x0800023c   0x00000002   Code   RO         1507    .ARM.Collect$$libshutdown$$00000000  c_w.l(libshutdown.o)
    0x0800023e   0x0800023e   0x00000000   Code   RO         1522    .ARM.Collect$$libshutdown$$00000002  c_w.l(libshutdown2.o)
    0x0800023e   0x0800023e   0x00000000   Code   RO         1524    .ARM.Collect$$libshutdown$$00000004  c_w.l(libshutdown2.o)
    0x0800023e   0x0800023e   0x00000000   Code   RO         1527    .ARM.Collect$$libshutdown$$00000007  c_w.l(libshutdown2.o)
    0x0800023e   0x0800023e   0x00000000   Code   RO         1530    .ARM.Collect$$libshutdown$$0000000A  c_w.l(libshutdown2.o)
    0x0800023e   0x0800023e   0x00000000   Code   RO         1532    .ARM.Collect$$libshutdown$$0000000C  c_w.l(libshutdown2.o)
    0x0800023e   0x0800023e   0x00000000   Code   RO         1535    .ARM.Collect$$libshutdown$$0000000F  c_w.l(libshutdown2.o)
    0x0800023e   0x0800023e   0x00000002   Code   RO         1536    .ARM.Collect$$libshutdown$$00000010  c_w.l(libshutdown2.o)
    0x08000240   0x08000240   0x00000000   Code   RO         1234    .ARM.Collect$$rtentry$$00000000  c_w.l(__rtentry.o)
    0x08000240   0x08000240   0x00000000   Code   RO         1340    .ARM.Collect$$rtentry$$00000002  c_w.l(__rtentry2.o)
    0x08000240   0x08000240   0x00000006   Code   RO         1352    .ARM.Collect$$rtentry$$00000004  c_w.l(__rtentry4.o)
    0x08000246   0x08000246   0x00000000   Code   RO         1342    .ARM.Collect$$rtentry$$00000009  c_w.l(__rtentry2.o)
    0x08000246   0x08000246   0x00000004   Code   RO         1343    .ARM.Collect$$rtentry$$0000000A  c_w.l(__rtentry2.o)
    0x0800024a   0x0800024a   0x00000000   Code   RO         1345    .ARM.Collect$$rtentry$$0000000C  c_w.l(__rtentry2.o)
    0x0800024a   0x0800024a   0x00000008   Code   RO         1346    .ARM.Collect$$rtentry$$0000000D  c_w.l(__rtentry2.o)
    0x08000252   0x08000252   0x00000002   Code   RO         1430    .ARM.Collect$$rtexit$$00000000  c_w.l(rtexit.o)
    0x08000254   0x08000254   0x00000000   Code   RO         1485    .ARM.Collect$$rtexit$$00000002  c_w.l(rtexit2.o)
    0x08000254   0x08000254   0x00000004   Code   RO         1486    .ARM.Collect$$rtexit$$00000003  c_w.l(rtexit2.o)
    0x08000258   0x08000258   0x00000006   Code   RO         1487    .ARM.Collect$$rtexit$$00000004  c_w.l(rtexit2.o)
    0x0800025e   0x0800025e   0x00000002   PAD
    0x08000260   0x08000260   0x00000040   Code   RO            4    .text               startup_stm32f103xb.o
    0x080002a0   0x080002a0   0x0000002c   Code   RO         1202    .text               c_w.l(sprintf.o)
    0x080002cc   0x080002cc   0x0000004e   Code   RO         1204    .text               c_w.l(rt_memclr_w.o)
    0x0800031a   0x0800031a   0x00000002   PAD
    0x0800031c   0x0800031c   0x00000080   Code   RO         1206    .text               c_w.l(strcmpv7m.o)
    0x0800039c   0x0800039c   0x00000006   Code   RO         1208    .text               c_w.l(heapauxi.o)
    0x080003a2   0x080003a2   0x0000004e   Code   RO         1237    .text               c_w.l(_printf_pad.o)
    0x080003f0   0x080003f0   0x00000024   Code   RO         1239    .text               c_w.l(_printf_truncate.o)
    0x08000414   0x08000414   0x00000052   Code   RO         1241    .text               c_w.l(_printf_str.o)
    0x08000466   0x08000466   0x00000002   PAD
    0x08000468   0x08000468   0x00000078   Code   RO         1243    .text               c_w.l(_printf_dec.o)
    0x080004e0   0x080004e0   0x00000028   Code   RO         1245    .text               c_w.l(_printf_charcount.o)
    0x08000508   0x08000508   0x00000030   Code   RO         1247    .text               c_w.l(_printf_char_common.o)
    0x08000538   0x08000538   0x0000000a   Code   RO         1249    .text               c_w.l(_sputc.o)
    0x08000542   0x08000542   0x00000002   PAD
    0x08000544   0x08000544   0x000000bc   Code   RO         1251    .text               c_w.l(_printf_wctomb.o)
    0x08000600   0x08000600   0x0000007c   Code   RO         1254    .text               c_w.l(_printf_longlong_dec.o)
    0x0800067c   0x0800067c   0x00000070   Code   RO         1260    .text               c_w.l(_printf_oct_int_ll.o)
    0x080006ec   0x080006ec   0x00000094   Code   RO         1280    .text               c_w.l(_printf_hex_int_ll_ptr.o)
    0x08000780   0x08000780   0x00000188   Code   RO         1300    .text               c_w.l(__printf_flags_ss_wp.o)
    0x08000908   0x08000908   0x0000008a   Code   RO         1354    .text               c_w.l(lludiv10.o)
    0x08000992   0x08000992   0x000000b2   Code   RO         1356    .text               c_w.l(_printf_intcommon.o)
    0x08000a44   0x08000a44   0x0000041c   Code   RO         1358    .text               c_w.l(_printf_fp_dec.o)
    0x08000e60   0x08000e60   0x000002fc   Code   RO         1362    .text               c_w.l(_printf_fp_hex.o)
    0x0800115c   0x0800115c   0x0000002c   Code   RO         1367    .text               c_w.l(_printf_char.o)
    0x08001188   0x08001188   0x0000002c   Code   RO         1369    .text               c_w.l(_printf_wchar.o)
    0x080011b4   0x080011b4   0x00000048   Code   RO         1372    .text               c_w.l(_c16rtomb.o)
    0x080011fc   0x080011fc   0x0000004a   Code   RO         1374    .text               c_w.l(sys_stackheap_outer.o)
    0x08001246   0x08001246   0x00000002   PAD
    0x08001248   0x08001248   0x00000010   Code   RO         1376    .text               c_w.l(rt_ctype_table.o)
    0x08001258   0x08001258   0x00000008   Code   RO         1381    .text               c_w.l(rt_locale_intlibspace.o)
    0x08001260   0x08001260   0x00000080   Code   RO         1383    .text               c_w.l(_printf_fp_infnan.o)
    0x080012e0   0x080012e0   0x000000e4   Code   RO         1385    .text               c_w.l(bigflt0.o)
    0x080013c4   0x080013c4   0x00000012   Code   RO         1415    .text               c_w.l(exit.o)
    0x080013d6   0x080013d6   0x00000002   PAD
    0x080013d8   0x080013d8   0x00000008   Code   RO         1427    .text               c_w.l(libspace.o)
    0x080013e0   0x080013e0   0x0000000c   Code   RO         1497    .text               c_w.l(sys_exit.o)
    0x080013ec   0x080013ec   0x00000002   Code   RO         1512    .text               c_w.l(use_no_semi.o)
    0x080013ee   0x080013ee   0x00000000   Code   RO         1514    .text               c_w.l(indicate_semi.o)
    0x080013ee   0x080013ee   0x00000002   PAD
    0x080013f0   0x080013f0   0x00000096   Code   RO         1172    .text.Access_GrantedCard  rc522.o
    0x08001486   0x08001486   0x00000002   PAD
    0x08001488   0x08001488   0x000000d0   Code   RO         1166    .text.AddNewMemberOrMasterCard  rc522.o
    0x08001558   0x08001558   0x00000030   Code   RO         1148    .text.AntennaOn     rc522.o
    0x08001588   0x08001588   0x00000004   Code   RO           51    .text.BusFault_Handler  stm32f1xx_it.o
    0x0800158c   0x0800158c   0x00000034   Code   RO         1170    .text.Buzzer_Beep   rc522.o
    0x080015c0   0x080015c0   0x0000004c   Code   RO         1125    .text.COUNTDOWN     lcd.o
    0x0800160c   0x0800160c   0x00000002   Code   RO           57    .text.DebugMon_Handler  stm32f1xx_it.o
    0x0800160e   0x0800160e   0x00000002   PAD
    0x08001610   0x08001610   0x000000cc   Code   RO         1168    .text.DeleteMemberCard  rc522.o
    0x080016dc   0x080016dc   0x0000000e   Code   RO           23    .text.Error_Handler  main.o
    0x080016ea   0x080016ea   0x00000002   PAD
    0x080016ec   0x080016ec   0x000000c8   Code   RO         1162    .text.Flash_Buzzer_And_Led  rc522.o
    0x080017b4   0x080017b4   0x00000042   Code   RO          291    .text.HAL_Delay     stm32f1xx_hal.o
    0x080017f6   0x080017f6   0x00000002   PAD
    0x080017f8   0x080017f8   0x0000031e   Code   RO          385    .text.HAL_GPIO_Init  stm32f1xx_hal_gpio.o
    0x08001b16   0x08001b16   0x00000002   PAD
    0x08001b18   0x08001b18   0x0000002e   Code   RO          389    .text.HAL_GPIO_ReadPin  stm32f1xx_hal_gpio.o
    0x08001b46   0x08001b46   0x00000002   PAD
    0x08001b48   0x08001b48   0x0000002e   Code   RO          391    .text.HAL_GPIO_WritePin  stm32f1xx_hal_gpio.o
    0x08001b76   0x08001b76   0x00000002   PAD
    0x08001b78   0x08001b78   0x0000000c   Code   RO          283    .text.HAL_GetTick   stm32f1xx_hal.o
    0x08001b84   0x08001b84   0x0000028c   Code   RO          106    .text.HAL_I2C_Init  stm32f1xx_hal_i2c.o
    0x08001e10   0x08001e10   0x0000020c   Code   RO          114    .text.HAL_I2C_Master_Transmit  stm32f1xx_hal_i2c.o
    0x0800201c   0x0800201c   0x0000007e   Code   RO           72    .text.HAL_I2C_MspInit  stm32f1xx_hal_msp.o
    0x0800209a   0x0800209a   0x00000002   PAD
    0x0800209c   0x0800209c   0x0000001a   Code   RO          281    .text.HAL_IncTick   stm32f1xx_hal.o
    0x080020b6   0x080020b6   0x00000002   PAD
    0x080020b8   0x080020b8   0x00000026   Code   RO          271    .text.HAL_Init      stm32f1xx_hal.o
    0x080020de   0x080020de   0x00000002   PAD
    0x080020e0   0x080020e0   0x00000070   Code   RO          273    .text.HAL_InitTick  stm32f1xx_hal.o
    0x08002150   0x08002150   0x00000064   Code   RO           70    .text.HAL_MspInit   stm32f1xx_hal_msp.o
    0x080021b4   0x080021b4   0x00000032   Code   RO          445    .text.HAL_NVIC_SetPriority  stm32f1xx_hal_cortex.o
    0x080021e6   0x080021e6   0x00000002   PAD
    0x080021e8   0x080021e8   0x00000010   Code   RO          441    .text.HAL_NVIC_SetPriorityGrouping  stm32f1xx_hal_cortex.o
    0x080021f8   0x080021f8   0x00000256   Code   RO          337    .text.HAL_RCC_ClockConfig  stm32f1xx_hal_rcc.o
    0x0800244e   0x0800244e   0x00000002   PAD
    0x08002450   0x08002450   0x0000000c   Code   RO          347    .text.HAL_RCC_GetHCLKFreq  stm32f1xx_hal_rcc.o
    0x0800245c   0x0800245c   0x00000022   Code   RO          349    .text.HAL_RCC_GetPCLK1Freq  stm32f1xx_hal_rcc.o
    0x0800247e   0x0800247e   0x00000002   PAD
    0x08002480   0x08002480   0x000000e4   Code   RO          339    .text.HAL_RCC_GetSysClockFreq  stm32f1xx_hal_rcc.o
    0x08002564   0x08002564   0x0000067a   Code   RO          333    .text.HAL_RCC_OscConfig  stm32f1xx_hal_rcc.o
    0x08002bde   0x08002bde   0x00000002   PAD
    0x08002be0   0x08002be0   0x000000ba   Code   RO          649    .text.HAL_SPI_Init  stm32f1xx_hal_spi.o
    0x08002c9a   0x08002c9a   0x00000002   PAD
    0x08002c9c   0x08002c9c   0x00000098   Code   RO           76    .text.HAL_SPI_MspInit  stm32f1xx_hal_msp.o
    0x08002d34   0x08002d34   0x00000224   Code   RO          661    .text.HAL_SPI_Receive  stm32f1xx_hal_spi.o
    0x08002f58   0x08002f58   0x00000278   Code   RO          657    .text.HAL_SPI_Transmit  stm32f1xx_hal_spi.o
    0x080031d0   0x080031d0   0x00000366   Code   RO          663    .text.HAL_SPI_TransmitReceive  stm32f1xx_hal_spi.o
    0x08003536   0x08003536   0x00000002   PAD
    0x08003538   0x08003538   0x00000010   Code   RO          465    .text.HAL_SYSTICK_Config  stm32f1xx_hal_cortex.o
    0x08003548   0x08003548   0x00000098   Code   RO         1065    .text.HAL_TIMEx_MasterConfigSynchronization  stm32f1xx_hal_tim_ex.o
    0x080035e0   0x080035e0   0x00000058   Code   RO          766    .text.HAL_TIM_Base_Init  stm32f1xx_hal_tim.o
    0x08003638   0x08003638   0x00000034   Code   RO           80    .text.HAL_TIM_Base_MspInit  stm32f1xx_hal_msp.o
    0x0800366c   0x0800366c   0x00000176   Code   RO          954    .text.HAL_TIM_ConfigClockSource  stm32f1xx_hal_tim.o
    0x080037e2   0x080037e2   0x00000002   PAD
    0x080037e4   0x080037e4   0x00000056   Code   RO           82    .text.HAL_TIM_MspPostInit  stm32f1xx_hal_msp.o
    0x0800383a   0x0800383a   0x00000002   PAD
    0x0800383c   0x0800383c   0x00000144   Code   RO          932    .text.HAL_TIM_PWM_ConfigChannel  stm32f1xx_hal_tim.o
    0x08003980   0x08003980   0x00000058   Code   RO          820    .text.HAL_TIM_PWM_Init  stm32f1xx_hal_tim.o
    0x080039d8   0x080039d8   0x00000008   Code   RO          822    .text.HAL_TIM_PWM_MspInit  stm32f1xx_hal_tim.o
    0x080039e0   0x080039e0   0x0000005c   Code   RO          828    .text.HAL_TIM_PWM_Start  stm32f1xx_hal_tim.o
    0x08003a3c   0x08003a3c   0x00000004   Code   RO           47    .text.HardFault_Handler  stm32f1xx_it.o
    0x08003a40   0x08003a40   0x00000064   Code   RO          262    .text.I2C_IsAcknowledgeFailed  stm32f1xx_hal_i2c.o
    0x08003aa4   0x08003aa4   0x000000fa   Code   RO          118    .text.I2C_MasterRequestWrite  stm32f1xx_hal_i2c.o
    0x08003b9e   0x08003b9e   0x00000002   PAD
    0x08003ba0   0x08003ba0   0x00000096   Code   RO          122    .text.I2C_WaitOnBTFFlagUntilTimeout  stm32f1xx_hal_i2c.o
    0x08003c36   0x08003c36   0x00000002   PAD
    0x08003c38   0x08003c38   0x000000be   Code   RO          116    .text.I2C_WaitOnFlagUntilTimeout  stm32f1xx_hal_i2c.o
    0x08003cf6   0x08003cf6   0x00000002   PAD
    0x08003cf8   0x08003cf8   0x00000110   Code   RO          260    .text.I2C_WaitOnMasterAddressFlagUntilTimeout  stm32f1xx_hal_i2c.o
    0x08003e08   0x08003e08   0x00000094   Code   RO          120    .text.I2C_WaitOnTXEFlagUntilTimeout  stm32f1xx_hal_i2c.o
    0x08003e9c   0x08003e9c   0x0000012c   Code   RO         1100    .text.KeyPad_GetKey  keypad.o
    0x08003fc8   0x08003fc8   0x00000034   Code   RO         1115    .text.Lcd_Bat_Den   lcd.o
    0x08003ffc   0x08003ffc   0x00000022   Code   RO         1121    .text.Lcd_Ghi_Chuoi  lcd.o
    0x0800401e   0x0800401e   0x00000002   PAD
    0x08004020   0x08004020   0x0000006c   Code   RO         1113    .text.Lcd_Ghi_Dulieu  lcd.o
    0x0800408c   0x0800408c   0x0000006c   Code   RO         1111    .text.Lcd_Ghi_Lenh  lcd.o
    0x080040f8   0x080040f8   0x00000034   Code   RO         1117    .text.Lcd_Tat_Den   lcd.o
    0x0800412c   0x0800412c   0x0000000a   Code   RO         1123    .text.Lcd_xoa_manhinh  lcd.o
    0x08004136   0x08004136   0x00000002   PAD
    0x08004138   0x08004138   0x00000098   Code   RO         1158    .text.MFRC522_Anticoll  rc522.o
    0x080041d0   0x080041d0   0x00000044   Code   RO         1160    .text.MFRC522_Check  rc522.o
    0x08004214   0x08004214   0x00000034   Code   RO         1144    .text.MFRC522_ClearBitMask  rc522.o
    0x08004248   0x08004248   0x00000052   Code   RO         1138    .text.MFRC522_Compare  rc522.o
    0x0800429a   0x0800429a   0x00000002   PAD
    0x0800429c   0x0800429c   0x000000a4   Code   RO         1152    .text.MFRC522_Init  rc522.o
    0x08004340   0x08004340   0x0000005e   Code   RO         1140    .text.MFRC522_ReadRegister  rc522.o
    0x0800439e   0x0800439e   0x00000002   PAD
    0x080043a0   0x080043a0   0x00000056   Code   RO         1156    .text.MFRC522_Request  rc522.o
    0x080043f6   0x080043f6   0x00000002   PAD
    0x080043f8   0x080043f8   0x00000014   Code   RO         1150    .text.MFRC522_Reset  rc522.o
    0x0800440c   0x0800440c   0x00000034   Code   RO         1146    .text.MFRC522_SetBitMask  rc522.o
    0x08004440   0x08004440   0x0000021c   Code   RO         1154    .text.MFRC522_ToCard  rc522.o
    0x0800465c   0x0800465c   0x00000050   Code   RO         1142    .text.MFRC522_WriteRegister  rc522.o
    0x080046ac   0x080046ac   0x000000ce   Code   RO           15    .text.MX_GPIO_Init  main.o
    0x0800477a   0x0800477a   0x00000002   PAD
    0x0800477c   0x0800477c   0x00000048   Code   RO           17    .text.MX_I2C1_Init  main.o
    0x080047c4   0x080047c4   0x0000004e   Code   RO           19    .text.MX_SPI2_Init  main.o
    0x08004812   0x08004812   0x00000002   PAD
    0x08004814   0x08004814   0x000000da   Code   RO           21    .text.MX_TIM2_Init  main.o
    0x080048ee   0x080048ee   0x00000002   PAD
    0x080048f0   0x080048f0   0x00000004   Code   RO           49    .text.MemManage_Handler  stm32f1xx_it.o
    0x080048f4   0x080048f4   0x0000005e   Code   RO         1164    .text.Member        rc522.o
    0x08004952   0x08004952   0x00000002   PAD
    0x08004954   0x08004954   0x00000004   Code   RO           45    .text.NMI_Handler   stm32f1xx_it.o
    0x08004958   0x08004958   0x0000006c   Code   RO          451    .text.NVIC_EncodePriority  stm32f1xx_hal_cortex.o
    0x080049c4   0x080049c4   0x00000002   Code   RO           59    .text.PendSV_Handler  stm32f1xx_it.o
    0x080049c6   0x080049c6   0x00000002   PAD
    0x080049c8   0x080049c8   0x0000003a   Code   RO          335    .text.RCC_Delay     stm32f1xx_hal_rcc.o
    0x08004a02   0x08004a02   0x00000002   PAD
    0x08004a04   0x08004a04   0x000000b8   Code   RO          665    .text.SPI_EndRxTransaction  stm32f1xx_hal_spi.o
    0x08004abc   0x08004abc   0x00000042   Code   RO          659    .text.SPI_EndRxTxTransaction  stm32f1xx_hal_spi.o
    0x08004afe   0x08004afe   0x00000002   PAD
    0x08004b00   0x08004b00   0x000000ea   Code   RO          757    .text.SPI_WaitFlagStateUntilTimeout  stm32f1xx_hal_spi.o
    0x08004bea   0x08004bea   0x00000002   PAD
    0x08004bec   0x08004bec   0x00000002   Code   RO           55    .text.SVC_Handler   stm32f1xx_it.o
    0x08004bee   0x08004bee   0x00000002   PAD
    0x08004bf0   0x08004bf0   0x00000018   Code   RO         1192    .text.Servo_Init    mg90s.o
    0x08004c08   0x08004c08   0x000000c6   Code   RO         1190    .text.Servo_SetAngle  mg90s.o
    0x08004cce   0x08004cce   0x00000002   PAD
    0x08004cd0   0x08004cd0   0x00000052   Code   RO          467    .text.SysTick_Config  stm32f1xx_hal_cortex.o
    0x08004d22   0x08004d22   0x00000002   PAD
    0x08004d24   0x08004d24   0x00000008   Code   RO           61    .text.SysTick_Handler  stm32f1xx_it.o
    0x08004d2c   0x08004d2c   0x0000005a   Code   RO           13    .text.SystemClock_Config  main.o
    0x08004d86   0x08004d86   0x00000002   PAD
    0x08004d88   0x08004d88   0x00000060   Code   RO         1086    .text.SystemInit    system_stm32f1xx.o
    0x08004de8   0x08004de8   0x000000f0   Code   RO          770    .text.TIM_Base_SetConfig  stm32f1xx_hal_tim.o
    0x08004ed8   0x08004ed8   0x00000036   Code   RO          804    .text.TIM_CCxChannelCmd  stm32f1xx_hal_tim.o
    0x08004f0e   0x08004f0e   0x00000002   PAD
    0x08004f10   0x08004f10   0x00000034   Code   RO          952    .text.TIM_ETR_SetConfig  stm32f1xx_hal_tim.o
    0x08004f44   0x08004f44   0x0000002a   Code   RO          958    .text.TIM_ITRx_SetConfig  stm32f1xx_hal_tim.o
    0x08004f6e   0x08004f6e   0x00000002   PAD
    0x08004f70   0x08004f70   0x000000ce   Code   RO          914    .text.TIM_OC1_SetConfig  stm32f1xx_hal_tim.o
    0x0800503e   0x0800503e   0x00000002   PAD
    0x08005040   0x08005040   0x000000d8   Code   RO          916    .text.TIM_OC2_SetConfig  stm32f1xx_hal_tim.o
    0x08005118   0x08005118   0x000000d6   Code   RO          918    .text.TIM_OC3_SetConfig  stm32f1xx_hal_tim.o
    0x080051ee   0x080051ee   0x00000002   PAD
    0x080051f0   0x080051f0   0x00000096   Code   RO          920    .text.TIM_OC4_SetConfig  stm32f1xx_hal_tim.o
    0x08005286   0x08005286   0x00000002   PAD
    0x08005288   0x08005288   0x00000050   Code   RO          956    .text.TIM_TI1_ConfigInputStage  stm32f1xx_hal_tim.o
    0x080052d8   0x080052d8   0x00000052   Code   RO          960    .text.TIM_TI2_ConfigInputStage  stm32f1xx_hal_tim.o
    0x0800532a   0x0800532a   0x00000002   PAD
    0x0800532c   0x0800532c   0x00000004   Code   RO           53    .text.UsageFault_Handler  stm32f1xx_it.o
    0x08005330   0x08005330   0x00000010   Code   RO          447    .text.__NVIC_GetPriorityGrouping  stm32f1xx_hal_cortex.o
    0x08005340   0x08005340   0x00000042   Code   RO          449    .text.__NVIC_SetPriority  stm32f1xx_hal_cortex.o
    0x08005382   0x08005382   0x00000002   PAD
    0x08005384   0x08005384   0x0000003c   Code   RO          443    .text.__NVIC_SetPriorityGrouping  stm32f1xx_hal_cortex.o
    0x080053c0   0x080053c0   0x0000004c   Code   RO         1127    .text.countdown     lcd.o
    0x0800540c   0x0800540c   0x00000040   Code   RO         1119    .text.lcd_init      lcd.o
    0x0800544c   0x0800544c   0x00000dbc   Code   RO           11    .text.main          main.o
    0x08006208   0x08006208   0x0000003e   Code   RO         1388    CL$$btod_d2e        c_w.l(btod.o)
    0x08006246   0x08006246   0x00000046   Code   RO         1390    CL$$btod_d2e_denorm_low  c_w.l(btod.o)
    0x0800628c   0x0800628c   0x00000060   Code   RO         1389    CL$$btod_d2e_norm_op1  c_w.l(btod.o)
    0x080062ec   0x080062ec   0x00000338   Code   RO         1398    CL$$btod_div_common  c_w.l(btod.o)
    0x08006624   0x08006624   0x000000dc   Code   RO         1395    CL$$btod_e2e        c_w.l(btod.o)
    0x08006700   0x08006700   0x0000002a   Code   RO         1392    CL$$btod_ediv       c_w.l(btod.o)
    0x0800672a   0x0800672a   0x0000002a   Code   RO         1391    CL$$btod_emul       c_w.l(btod.o)
    0x08006754   0x08006754   0x00000244   Code   RO         1397    CL$$btod_mult_common  c_w.l(btod.o)
    0x08006998   0x08006998   0x00000028   Code   RO         1425    i.__ARM_fpclassify  m_ws.l(fpclassify.o)
    0x080069c0   0x080069c0   0x0000000e   Code   RO         1293    i._is_digit         c_w.l(__printf_wp.o)
    0x080069ce   0x080069ce   0x00000002   PAD
    0x080069d0   0x080069d0   0x0000002c   Code   RO         1413    locale$$code        c_w.l(lc_numeric_c.o)
    0x080069fc   0x080069fc   0x0000002c   Code   RO         1435    locale$$code        c_w.l(lc_ctype_c.o)
    0x08006a28   0x08006a28   0x000000c4   Code   RO         1212    x$fpl$fadd          fz_ws.l(faddsub_clz.o)
    0x08006aec   0x08006aec   0x00000184   Code   RO         1219    x$fpl$fdiv          fz_ws.l(fdiv.o)
    0x08006c70   0x08006c70   0x0000003e   Code   RO         1222    x$fpl$ffixu         fz_ws.l(ffixu.o)
    0x08006cae   0x08006cae   0x00000002   PAD
    0x08006cb0   0x08006cb0   0x00000026   Code   RO         1226    x$fpl$ffltu         fz_ws.l(fflt_clz.o)
    0x08006cd6   0x08006cd6   0x00000002   PAD
    0x08006cd8   0x08006cd8   0x00000102   Code   RO         1232    x$fpl$fmul          fz_ws.l(fmul.o)
    0x08006dda   0x08006dda   0x0000008c   Code   RO         1326    x$fpl$fnaninf       fz_ws.l(fnaninf.o)
    0x08006e66   0x08006e66   0x0000000a   Code   RO         1328    x$fpl$fretinf       fz_ws.l(fretinf.o)
    0x08006e70   0x08006e70   0x000000ea   Code   RO         1214    x$fpl$fsub          fz_ws.l(faddsub_clz.o)
    0x08006f5a   0x08006f5a   0x00000004   Code   RO         1330    x$fpl$printf1       fz_ws.l(printf1.o)
    0x08006f5e   0x08006f5e   0x00000004   Code   RO         1332    x$fpl$printf2       fz_ws.l(printf2.o)
    0x08006f62   0x08006f62   0x00000000   Code   RO         1338    x$fpl$usenofp       fz_ws.l(usenofp.o)
    0x08006f62   0x08006f62   0x00000002   PAD
    0x08006f64   0x08006f64   0x00000008   Data   RO         1252    .constdata          c_w.l(_printf_wctomb.o)
    0x08006f6c   0x08006f6c   0x00000028   Data   RO         1281    .constdata          c_w.l(_printf_hex_int_ll_ptr.o)
    0x08006f94   0x08006f94   0x00000011   Data   RO         1301    .constdata          c_w.l(__printf_flags_ss_wp.o)
    0x08006fa5   0x08006fa5   0x00000026   Data   RO         1363    .constdata          c_w.l(_printf_fp_hex.o)
    0x08006fcb   0x08006fcb   0x00000001   PAD
    0x08006fcc   0x08006fcc   0x00000094   Data   RO         1386    .constdata          c_w.l(bigflt0.o)
    0x08007060   0x08007060   0x00000010   Data   RO         1091    .rodata.AHBPrescTable  system_stm32f1xx.o
    0x08007070   0x08007070   0x00000008   Data   RO         1092    .rodata.APBPrescTable  system_stm32f1xx.o
    0x08007078   0x08007078   0x00000271   Data   RO           32    .rodata.str1.1      main.o
    0x080072e9   0x080072e9   0x00000028   Data   RO         1130    .rodata.str1.1      lcd.o
    0x08007311   0x08007311   0x00000034   Data   RO         1180    .rodata.str1.1      rc522.o
    0x08007345   0x08007345   0x00000003   PAD
    0x08007348   0x08007348   0x00000020   Data   RO         1570    Region$$Table       anon$$obj.o
    0x08007368   0x08007368   0x0000001c   Data   RO         1412    locale$$data        c_w.l(lc_numeric_c.o)
    0x08007384   0x08007384   0x00000110   Data   RO         1434    locale$$data        c_w.l(lc_ctype_c.o)


    Execution Region RW_IRAM1 (Exec base: 0x20000000, Load base: 0x08007498, Size: 0x000007d8, Max: 0x00005000, ABSOLUTE)

    Exec Addr    Load Addr    Size         Type   Attr      Idx    E Section Name        Object

    0x20000000   0x08007498   0x00000004   Data   RW         1174    .data.MasterCardID  rc522.o
    0x20000004   0x0800749c   0x00000004   Data   RW         1090    .data.SystemCoreClock  system_stm32f1xx.o
    0x20000008   0x080074a0   0x00000010   Data   RW         1104    .data.key_map       keypad.o
    0x20000018   0x080074b0   0x00000001   Data   RW         1129    .data.lcd_backlight_mask  lcd.o
    0x20000019   0x080074b1   0x00000007   Data   RW           29    .data.password      main.o
    0x20000020   0x080074b8   0x00000001   Data   RW          322    .data.uwTickFreq    stm32f1xx_hal.o
    0x20000021   0x080074b9   0x00000003   PAD
    0x20000024   0x080074bc   0x00000004   Data   RW          321    .data.uwTickPrio    stm32f1xx_hal.o
    0x20000028        -       0x00000060   Zero   RW         1428    .bss                c_w.l(libspace.o)
    0x20000088        -       0x00000001   Zero   RW           25    .bss.Backlight      main.o
    0x20000089        -       0x00000004   Zero   RW         1181    .bss.CardID         rc522.o
    0x2000008d        -       0x00000001   Zero   RW           30    .bss.CurrentState   main.o
    0x2000008e   0x080074c0   0x00000002   PAD
    0x20000090        -       0x00000014   Zero   RW         1179    .bss.MFRC522        rc522.o
    0x200000a4        -       0x00000001   Zero   RW         1177    .bss.Master_Card_Exists  rc522.o
    0x200000a5        -       0x00000001   Zero   RW         1176    .bss.MemberCardCount  rc522.o
    0x200000a6        -       0x00000019   Zero   RW         1175    .bss.MemberCardList  rc522.o
    0x200000bf   0x080074c0   0x00000001   PAD
    0x200000c0        -       0x00000054   Zero   RW           34    .bss.hi2c1          main.o
    0x20000114        -       0x00000058   Zero   RW           31    .bss.hspi2          main.o
    0x2000016c        -       0x00000040   Zero   RW           35    .bss.htim2          main.o
    0x200001ac        -       0x0000000a   Zero   RW           28    .bss.input_buffer   main.o
    0x200001b6        -       0x00000001   Zero   RW           27    .bss.input_key      main.o
    0x200001b7        -       0x00000001   Zero   RW           26    .bss.input_mode     main.o
    0x200001b8        -       0x00000004   Zero   RW         1178    .bss.last_activity_time  rc522.o
    0x200001bc        -       0x00000001   Zero   RW         1182    .bss.status         rc522.o
    0x200001bd        -       0x00000014   Zero   RW           33    .bss.time_buffer    main.o
    0x200001d1   0x080074c0   0x00000003   PAD
    0x200001d4        -       0x00000004   Zero   RW          323    .bss.uwTick         stm32f1xx_hal.o
    0x200001d8        -       0x00000200   Zero   RW            2    HEAP                startup_stm32f103xb.o
    0x200003d8        -       0x00000400   Zero   RW            1    STACK               startup_stm32f103xb.o


==============================================================================

Image component sizes


      Code (inc. data)   RO Data    RW Data    ZI Data      Debug   Object Name

       300          0          0         16          0       1522   keypad.o
       580          0         40          1          0       2059   lcd.o
      4194         14        625          7        270      11050   main.o
       222          0          0          0          0       1312   mg90s.o
      2346          0         52          4         56       8655   rc522.o
        64         26        236          0       1536        788   startup_stm32f103xb.o
       254          0          0          5          4       5529   stm32f1xx_hal.o
       414          0          0          0          0       7557   stm32f1xx_hal_cortex.o
       890          0          0          0          0       4219   stm32f1xx_hal_gpio.o
      2286          0          0          0          0      35481   stm32f1xx_hal_i2c.o
       516          0          0          0          0       7569   stm32f1xx_hal_msp.o
      2588          0          0          0          0       7420   stm32f1xx_hal_rcc.o
      2720          0          0          0          0      18987   stm32f1xx_hal_spi.o
      2310         14          0          0          0      31142   stm32f1xx_hal_tim.o
       152          0          0          0          0      12456   stm32f1xx_hal_tim_ex.o
        34          0          0          0          0       1004   stm32f1xx_it.o
        96          0         24          4          0       2126   system_stm32f1xx.o

    ----------------------------------------------------------------------
     20056         54       1012         40       1872     158876   Object Totals
         0          0         32          0          0          0   (incl. Generated)
        90          0          3          3          6          0   (incl. Padding)

    ----------------------------------------------------------------------

      Code (inc. data)   RO Data    RW Data    ZI Data      Debug   Library Member Name

         8          0          0          0          0         68   __main.o
       392          4         17          0          0         92   __printf_flags_ss_wp.o
        14          0          0          0          0         68   __printf_wp.o
         0          0          0          0          0          0   __rtentry.o
        12          0          0          0          0          0   __rtentry2.o
         6          0          0          0          0          0   __rtentry4.o
        94          8          0          0          0          0   __scatter.o
        26          0          0          0          0          0   __scatter_copy.o
        28          0          0          0          0          0   __scatter_zi.o
        72          0          0          0          0         96   _c16rtomb.o
         6          0          0          0          0          0   _printf_a.o
         6          0          0          0          0          0   _printf_c.o
        44          0          0          0          0        108   _printf_char.o
        48          6          0          0          0         96   _printf_char_common.o
        40          0          0          0          0         68   _printf_charcount.o
         6          0          0          0          0          0   _printf_d.o
       120         16          0          0          0         92   _printf_dec.o
         6          0          0          0          0          0   _printf_e.o
         6          0          0          0          0          0   _printf_f.o
      1052          0          0          0          0        148   _printf_fp_dec.o
       764          8         38          0          0        100   _printf_fp_hex.o
       128         16          0          0          0         84   _printf_fp_infnan.o
         6          0          0          0          0          0   _printf_g.o
       148          4         40          0          0        160   _printf_hex_int_ll_ptr.o
         6          0          0          0          0          0   _printf_i.o
       178          0          0          0          0         88   _printf_intcommon.o
        10          0          0          0          0          0   _printf_l.o
         6          0          0          0          0          0   _printf_lc.o
        10          0          0          0          0          0   _printf_ll.o
         6          0          0          0          0          0   _printf_lld.o
         6          0          0          0          0          0   _printf_lli.o
         6          0          0          0          0          0   _printf_llo.o
         6          0          0          0          0          0   _printf_llu.o
         6          0          0          0          0          0   _printf_llx.o
       124         16          0          0          0         92   _printf_longlong_dec.o
         6          0          0          0          0          0   _printf_ls.o
         6          0          0          0          0          0   _printf_n.o
         6          0          0          0          0          0   _printf_o.o
       112          8          0          0          0        124   _printf_oct_int_ll.o
         6          0          0          0          0          0   _printf_p.o
        78          0          0          0          0        108   _printf_pad.o
         0          0          0          0          0          0   _printf_percent.o
         4          0          0          0          0          0   _printf_percent_end.o
         6          0          0          0          0          0   _printf_s.o
        82          0          0          0          0         80   _printf_str.o
        36          0          0          0          0         84   _printf_truncate.o
         6          0          0          0          0          0   _printf_u.o
        44          0          0          0          0        108   _printf_wchar.o
       188          6          8          0          0         92   _printf_wctomb.o
         6          0          0          0          0          0   _printf_x.o
        10          0          0          0          0         68   _sputc.o
       228          4        148          0          0         96   bigflt0.o
      1936        128          0          0          0        668   btod.o
        18          0          0          0          0         80   exit.o
         6          0          0          0          0        152   heapauxi.o
         0          0          0          0          0          0   indicate_semi.o
        44         10        272          0          0         76   lc_ctype_c.o
        44         10         28          0          0         76   lc_numeric_c.o
         2          0          0          0          0          0   libinit.o
        30          0          0          0          0          0   libinit2.o
         2          0          0          0          0          0   libshutdown.o
         2          0          0          0          0          0   libshutdown2.o
         8          4          0          0         96         68   libspace.o
       138          0          0          0          0         80   lludiv10.o
        16          4          0          0          0         76   rt_ctype_table.o
         8          4          0          0          0         68   rt_locale_intlibspace.o
        78          0          0          0          0         80   rt_memclr_w.o
         2          0          0          0          0          0   rtexit.o
        10          0          0          0          0          0   rtexit2.o
        44          6          0          0          0         84   sprintf.o
       128          0          0          0          0         68   strcmpv7m.o
        12          4          0          0          0         68   sys_exit.o
        74          0          0          0          0         80   sys_stackheap_outer.o
         2          0          0          0          0         68   use_no_semi.o
       430          8          0          0          0        168   faddsub_clz.o
       388         76          0          0          0         96   fdiv.o
        62          4          0          0          0         84   ffixu.o
        38          0          0          0          0         68   fflt_clz.o
       258          4          0          0          0         84   fmul.o
       140          4          0          0          0         84   fnaninf.o
        10          0          0          0          0         68   fretinf.o
         4          0          0          0          0         68   printf1.o
         4          0          0          0          0         68   printf2.o
         0          0          0          0          0          0   usenofp.o
        40          0          0          0          0         68   fpclassify.o

    ----------------------------------------------------------------------
      8224        362        552          0         96       4768   Library Totals
        26          0          1          0          0          0   (incl. Padding)

    ----------------------------------------------------------------------

      Code (inc. data)   RO Data    RW Data    ZI Data      Debug   Library Name

      6824        266        551          0         96       3912   c_w.l
      1334         96          0          0          0        788   fz_ws.l
        40          0          0          0          0         68   m_ws.l

    ----------------------------------------------------------------------
      8224        362        552          0         96       4768   Library Totals

    ----------------------------------------------------------------------

==============================================================================


      Code (inc. data)   RO Data    RW Data    ZI Data      Debug   

     28280        416       1564         40       1968     160808   Grand Totals
     28280        416       1564         40       1968     160808   ELF Image Totals
     28280        416       1564         40          0          0   ROM Totals

==============================================================================

    Total RO  Size (Code + RO Data)                29844 (  29.14kB)
    Total RW  Size (RW Data + ZI Data)              2008 (   1.96kB)
    Total ROM Size (Code + RO Data + RW Data)      29884 (  29.18kB)

==============================================================================

